Archive member included to satisfy reference by file (symbol)

/stm32_projects/stm32f401ccu6/libopencm3/lib/libopencm3_stm32f4.a(gpio_common_all.o)
                              main.o (gpio_toggle)
/stm32_projects/stm32f401ccu6/libopencm3/lib/libopencm3_stm32f4.a(gpio_common_f0234.o)
                              main.o (gpio_mode_setup)
/stm32_projects/stm32f401ccu6/libopencm3/lib/libopencm3_stm32f4.a(rcc_common_all.o)
                              main.o (rcc_periph_clock_enable)
/stm32_projects/stm32f401ccu6/libopencm3/lib/libopencm3_stm32f4.a(vector.o)
                              (reset_handler)

Discarded input sections

 .text          0x0000000000000000        0x0 main.o
 .data          0x0000000000000000        0x0 main.o
 .bss           0x0000000000000000        0x0 main.o
 .text          0x0000000000000000        0x0 rtos/heap_4.o
 .data          0x0000000000000000        0x0 rtos/heap_4.o
 .bss           0x0000000000000000        0x0 rtos/heap_4.o
 .text.xPortGetFreeHeapSize
                0x0000000000000000        0xc rtos/heap_4.o
 .text.xPortGetMinimumEverFreeHeapSize
                0x0000000000000000        0xc rtos/heap_4.o
 .text.vPortInitialiseBlocks
                0x0000000000000000        0x2 rtos/heap_4.o
 .text          0x0000000000000000        0x0 rtos/list.o
 .data          0x0000000000000000        0x0 rtos/list.o
 .bss           0x0000000000000000        0x0 rtos/list.o
 .text.vListInsert
                0x0000000000000000       0x2e rtos/list.o
 .text          0x0000000000000000        0x0 rtos/port.o
 .data          0x0000000000000000        0x0 rtos/port.o
 .bss           0x0000000000000000        0x0 rtos/port.o
 .text.vPortEndScheduler
                0x0000000000000000        0x2 rtos/port.o
 .text          0x0000000000000000        0x0 rtos/tasks.o
 .data          0x0000000000000000        0x0 rtos/tasks.o
 .bss           0x0000000000000000        0x0 rtos/tasks.o
 .text.prvAddCurrentTaskToDelayedList.constprop.0
                0x0000000000000000       0x70 rtos/tasks.o
 .text.vTaskEndScheduler
                0x0000000000000000       0x20 rtos/tasks.o
 .text.xTaskGetTickCount
                0x0000000000000000        0xc rtos/tasks.o
 .text.xTaskGetTickCountFromISR
                0x0000000000000000        0xc rtos/tasks.o
 .text.uxTaskGetNumberOfTasks
                0x0000000000000000        0xc rtos/tasks.o
 .text.pcTaskGetName
                0x0000000000000000       0x10 rtos/tasks.o
 .text.vTaskDelay
                0x0000000000000000       0x2c rtos/tasks.o
 .text.vTaskPlaceOnEventList
                0x0000000000000000       0x1c rtos/tasks.o
 .text.vTaskPlaceOnUnorderedEventList
                0x0000000000000000       0x24 rtos/tasks.o
 .text.xTaskRemoveFromEventList
                0x0000000000000000       0x74 rtos/tasks.o
 .text.xTaskRemoveFromUnorderedEventList
                0x0000000000000000       0x60 rtos/tasks.o
 .text.vTaskSetTimeOutState
                0x0000000000000000       0x18 rtos/tasks.o
 .text.xTaskCheckForTimeOut
                0x0000000000000000       0x48 rtos/tasks.o
 .text.vTaskMissedYield
                0x0000000000000000        0xc rtos/tasks.o
 .text.uxTaskResetEventItemValue
                0x0000000000000000       0x18 rtos/tasks.o
 .text.ulTaskNotifyTake
                0x0000000000000000       0x64 rtos/tasks.o
 .text.xTaskNotifyWait
                0x0000000000000000       0x8c rtos/tasks.o
 .text.xTaskGenericNotify
                0x0000000000000000       0xa8 rtos/tasks.o
 .text.xTaskGenericNotifyFromISR
                0x0000000000000000       0xc4 rtos/tasks.o
 .text.vTaskNotifyGiveFromISR
                0x0000000000000000       0x9c rtos/tasks.o
 .text.xTaskNotifyStateClear
                0x0000000000000000       0x2c rtos/tasks.o
 .text          0x0000000000000000        0x0 rtos/opencm3.o
 .data          0x0000000000000000        0x0 rtos/opencm3.o
 .bss           0x0000000000000000        0x0 rtos/opencm3.o
 .group         0x0000000000000000        0xc /stm32_projects/stm32f401ccu6/libopencm3/lib/libopencm3_stm32f4.a(gpio_common_all.o)
 .group         0x0000000000000000        0xc /stm32_projects/stm32f401ccu6/libopencm3/lib/libopencm3_stm32f4.a(gpio_common_all.o)
 .group         0x0000000000000000        0xc /stm32_projects/stm32f401ccu6/libopencm3/lib/libopencm3_stm32f4.a(gpio_common_all.o)
 .group         0x0000000000000000        0xc /stm32_projects/stm32f401ccu6/libopencm3/lib/libopencm3_stm32f4.a(gpio_common_all.o)
 .group         0x0000000000000000        0xc /stm32_projects/stm32f401ccu6/libopencm3/lib/libopencm3_stm32f4.a(gpio_common_all.o)
 .group         0x0000000000000000        0xc /stm32_projects/stm32f401ccu6/libopencm3/lib/libopencm3_stm32f4.a(gpio_common_all.o)
 .group         0x0000000000000000        0xc /stm32_projects/stm32f401ccu6/libopencm3/lib/libopencm3_stm32f4.a(gpio_common_all.o)
 .group         0x0000000000000000        0xc /stm32_projects/stm32f401ccu6/libopencm3/lib/libopencm3_stm32f4.a(gpio_common_all.o)
 .group         0x0000000000000000        0xc /stm32_projects/stm32f401ccu6/libopencm3/lib/libopencm3_stm32f4.a(gpio_common_all.o)
 .group         0x0000000000000000        0xc /stm32_projects/stm32f401ccu6/libopencm3/lib/libopencm3_stm32f4.a(gpio_common_all.o)
 .group         0x0000000000000000        0xc /stm32_projects/stm32f401ccu6/libopencm3/lib/libopencm3_stm32f4.a(gpio_common_all.o)
 .group         0x0000000000000000        0xc /stm32_projects/stm32f401ccu6/libopencm3/lib/libopencm3_stm32f4.a(gpio_common_all.o)
 .group         0x0000000000000000        0xc /stm32_projects/stm32f401ccu6/libopencm3/lib/libopencm3_stm32f4.a(gpio_common_all.o)
 .group         0x0000000000000000        0xc /stm32_projects/stm32f401ccu6/libopencm3/lib/libopencm3_stm32f4.a(gpio_common_all.o)
 .group         0x0000000000000000        0xc /stm32_projects/stm32f401ccu6/libopencm3/lib/libopencm3_stm32f4.a(gpio_common_all.o)
 .text          0x0000000000000000        0x0 /stm32_projects/stm32f401ccu6/libopencm3/lib/libopencm3_stm32f4.a(gpio_common_all.o)
 .data          0x0000000000000000        0x0 /stm32_projects/stm32f401ccu6/libopencm3/lib/libopencm3_stm32f4.a(gpio_common_all.o)
 .bss           0x0000000000000000        0x0 /stm32_projects/stm32f401ccu6/libopencm3/lib/libopencm3_stm32f4.a(gpio_common_all.o)
 .text.gpio_set
                0x0000000000000000        0x4 /stm32_projects/stm32f401ccu6/libopencm3/lib/libopencm3_stm32f4.a(gpio_common_all.o)
 .text.gpio_clear
                0x0000000000000000        0x6 /stm32_projects/stm32f401ccu6/libopencm3/lib/libopencm3_stm32f4.a(gpio_common_all.o)
 .text.gpio_get
                0x0000000000000000        0x6 /stm32_projects/stm32f401ccu6/libopencm3/lib/libopencm3_stm32f4.a(gpio_common_all.o)
 .text.gpio_port_read
                0x0000000000000000        0x6 /stm32_projects/stm32f401ccu6/libopencm3/lib/libopencm3_stm32f4.a(gpio_common_all.o)
 .text.gpio_port_write
                0x0000000000000000        0x4 /stm32_projects/stm32f401ccu6/libopencm3/lib/libopencm3_stm32f4.a(gpio_common_all.o)
 .text.gpio_port_config_lock
                0x0000000000000000       0x10 /stm32_projects/stm32f401ccu6/libopencm3/lib/libopencm3_stm32f4.a(gpio_common_all.o)
 .group         0x0000000000000000        0xc /stm32_projects/stm32f401ccu6/libopencm3/lib/libopencm3_stm32f4.a(gpio_common_f0234.o)
 .group         0x0000000000000000        0xc /stm32_projects/stm32f401ccu6/libopencm3/lib/libopencm3_stm32f4.a(gpio_common_f0234.o)
 .group         0x0000000000000000        0xc /stm32_projects/stm32f401ccu6/libopencm3/lib/libopencm3_stm32f4.a(gpio_common_f0234.o)
 .group         0x0000000000000000        0xc /stm32_projects/stm32f401ccu6/libopencm3/lib/libopencm3_stm32f4.a(gpio_common_f0234.o)
 .group         0x0000000000000000        0xc /stm32_projects/stm32f401ccu6/libopencm3/lib/libopencm3_stm32f4.a(gpio_common_f0234.o)
 .group         0x0000000000000000        0xc /stm32_projects/stm32f401ccu6/libopencm3/lib/libopencm3_stm32f4.a(gpio_common_f0234.o)
 .group         0x0000000000000000        0xc /stm32_projects/stm32f401ccu6/libopencm3/lib/libopencm3_stm32f4.a(gpio_common_f0234.o)
 .group         0x0000000000000000        0xc /stm32_projects/stm32f401ccu6/libopencm3/lib/libopencm3_stm32f4.a(gpio_common_f0234.o)
 .group         0x0000000000000000        0xc /stm32_projects/stm32f401ccu6/libopencm3/lib/libopencm3_stm32f4.a(gpio_common_f0234.o)
 .group         0x0000000000000000        0xc /stm32_projects/stm32f401ccu6/libopencm3/lib/libopencm3_stm32f4.a(gpio_common_f0234.o)
 .group         0x0000000000000000        0xc /stm32_projects/stm32f401ccu6/libopencm3/lib/libopencm3_stm32f4.a(gpio_common_f0234.o)
 .group         0x0000000000000000        0xc /stm32_projects/stm32f401ccu6/libopencm3/lib/libopencm3_stm32f4.a(gpio_common_f0234.o)
 .group         0x0000000000000000        0xc /stm32_projects/stm32f401ccu6/libopencm3/lib/libopencm3_stm32f4.a(gpio_common_f0234.o)
 .group         0x0000000000000000        0xc /stm32_projects/stm32f401ccu6/libopencm3/lib/libopencm3_stm32f4.a(gpio_common_f0234.o)
 .group         0x0000000000000000        0xc /stm32_projects/stm32f401ccu6/libopencm3/lib/libopencm3_stm32f4.a(gpio_common_f0234.o)
 .text          0x0000000000000000        0x0 /stm32_projects/stm32f401ccu6/libopencm3/lib/libopencm3_stm32f4.a(gpio_common_f0234.o)
 .data          0x0000000000000000        0x0 /stm32_projects/stm32f401ccu6/libopencm3/lib/libopencm3_stm32f4.a(gpio_common_f0234.o)
 .bss           0x0000000000000000        0x0 /stm32_projects/stm32f401ccu6/libopencm3/lib/libopencm3_stm32f4.a(gpio_common_f0234.o)
 .text.gpio_set_output_options
                0x0000000000000000       0x36 /stm32_projects/stm32f401ccu6/libopencm3/lib/libopencm3_stm32f4.a(gpio_common_f0234.o)
 .text.gpio_set_af
                0x0000000000000000       0x58 /stm32_projects/stm32f401ccu6/libopencm3/lib/libopencm3_stm32f4.a(gpio_common_f0234.o)
 .debug_macro   0x0000000000000000      0xa6c /stm32_projects/stm32f401ccu6/libopencm3/lib/libopencm3_stm32f4.a(gpio_common_f0234.o)
 .debug_macro   0x0000000000000000       0x1c /stm32_projects/stm32f401ccu6/libopencm3/lib/libopencm3_stm32f4.a(gpio_common_f0234.o)
 .debug_macro   0x0000000000000000       0x22 /stm32_projects/stm32f401ccu6/libopencm3/lib/libopencm3_stm32f4.a(gpio_common_f0234.o)
 .debug_macro   0x0000000000000000       0x56 /stm32_projects/stm32f401ccu6/libopencm3/lib/libopencm3_stm32f4.a(gpio_common_f0234.o)
 .debug_macro   0x0000000000000000       0x51 /stm32_projects/stm32f401ccu6/libopencm3/lib/libopencm3_stm32f4.a(gpio_common_f0234.o)
 .debug_macro   0x0000000000000000      0x103 /stm32_projects/stm32f401ccu6/libopencm3/lib/libopencm3_stm32f4.a(gpio_common_f0234.o)
 .debug_macro   0x0000000000000000       0x6a /stm32_projects/stm32f401ccu6/libopencm3/lib/libopencm3_stm32f4.a(gpio_common_f0234.o)
 .debug_macro   0x0000000000000000      0x1df /stm32_projects/stm32f401ccu6/libopencm3/lib/libopencm3_stm32f4.a(gpio_common_f0234.o)
 .debug_macro   0x0000000000000000       0x22 /stm32_projects/stm32f401ccu6/libopencm3/lib/libopencm3_stm32f4.a(gpio_common_f0234.o)
 .debug_macro   0x0000000000000000       0xe8 /stm32_projects/stm32f401ccu6/libopencm3/lib/libopencm3_stm32f4.a(gpio_common_f0234.o)
 .debug_macro   0x0000000000000000       0x76 /stm32_projects/stm32f401ccu6/libopencm3/lib/libopencm3_stm32f4.a(gpio_common_f0234.o)
 .debug_macro   0x0000000000000000      0x280 /stm32_projects/stm32f401ccu6/libopencm3/lib/libopencm3_stm32f4.a(gpio_common_f0234.o)
 .debug_macro   0x0000000000000000       0x76 /stm32_projects/stm32f401ccu6/libopencm3/lib/libopencm3_stm32f4.a(gpio_common_f0234.o)
 .debug_macro   0x0000000000000000      0x37e /stm32_projects/stm32f401ccu6/libopencm3/lib/libopencm3_stm32f4.a(gpio_common_f0234.o)
 .debug_macro   0x0000000000000000       0xca /stm32_projects/stm32f401ccu6/libopencm3/lib/libopencm3_stm32f4.a(gpio_common_f0234.o)
 .group         0x0000000000000000        0xc /stm32_projects/stm32f401ccu6/libopencm3/lib/libopencm3_stm32f4.a(rcc_common_all.o)
 .group         0x0000000000000000        0xc /stm32_projects/stm32f401ccu6/libopencm3/lib/libopencm3_stm32f4.a(rcc_common_all.o)
 .group         0x0000000000000000        0xc /stm32_projects/stm32f401ccu6/libopencm3/lib/libopencm3_stm32f4.a(rcc_common_all.o)
 .group         0x0000000000000000        0xc /stm32_projects/stm32f401ccu6/libopencm3/lib/libopencm3_stm32f4.a(rcc_common_all.o)
 .group         0x0000000000000000        0xc /stm32_projects/stm32f401ccu6/libopencm3/lib/libopencm3_stm32f4.a(rcc_common_all.o)
 .group         0x0000000000000000        0xc /stm32_projects/stm32f401ccu6/libopencm3/lib/libopencm3_stm32f4.a(rcc_common_all.o)
 .group         0x0000000000000000        0xc /stm32_projects/stm32f401ccu6/libopencm3/lib/libopencm3_stm32f4.a(rcc_common_all.o)
 .group         0x0000000000000000        0xc /stm32_projects/stm32f401ccu6/libopencm3/lib/libopencm3_stm32f4.a(rcc_common_all.o)
 .group         0x0000000000000000        0xc /stm32_projects/stm32f401ccu6/libopencm3/lib/libopencm3_stm32f4.a(rcc_common_all.o)
 .group         0x0000000000000000        0xc /stm32_projects/stm32f401ccu6/libopencm3/lib/libopencm3_stm32f4.a(rcc_common_all.o)
 .group         0x0000000000000000        0xc /stm32_projects/stm32f401ccu6/libopencm3/lib/libopencm3_stm32f4.a(rcc_common_all.o)
 .group         0x0000000000000000        0xc /stm32_projects/stm32f401ccu6/libopencm3/lib/libopencm3_stm32f4.a(rcc_common_all.o)
 .group         0x0000000000000000        0xc /stm32_projects/stm32f401ccu6/libopencm3/lib/libopencm3_stm32f4.a(rcc_common_all.o)
 .group         0x0000000000000000        0xc /stm32_projects/stm32f401ccu6/libopencm3/lib/libopencm3_stm32f4.a(rcc_common_all.o)
 .group         0x0000000000000000        0xc /stm32_projects/stm32f401ccu6/libopencm3/lib/libopencm3_stm32f4.a(rcc_common_all.o)
 .text          0x0000000000000000        0x0 /stm32_projects/stm32f401ccu6/libopencm3/lib/libopencm3_stm32f4.a(rcc_common_all.o)
 .data          0x0000000000000000        0x0 /stm32_projects/stm32f401ccu6/libopencm3/lib/libopencm3_stm32f4.a(rcc_common_all.o)
 .bss           0x0000000000000000        0x0 /stm32_projects/stm32f401ccu6/libopencm3/lib/libopencm3_stm32f4.a(rcc_common_all.o)
 .text.rcc_peripheral_enable_clock
                0x0000000000000000        0x8 /stm32_projects/stm32f401ccu6/libopencm3/lib/libopencm3_stm32f4.a(rcc_common_all.o)
 .text.rcc_peripheral_disable_clock
                0x0000000000000000        0xa /stm32_projects/stm32f401ccu6/libopencm3/lib/libopencm3_stm32f4.a(rcc_common_all.o)
 .text.rcc_peripheral_reset
                0x0000000000000000        0x8 /stm32_projects/stm32f401ccu6/libopencm3/lib/libopencm3_stm32f4.a(rcc_common_all.o)
 .text.rcc_peripheral_clear_reset
                0x0000000000000000        0xa /stm32_projects/stm32f401ccu6/libopencm3/lib/libopencm3_stm32f4.a(rcc_common_all.o)
 .text.rcc_periph_clock_disable
                0x0000000000000000       0x1e /stm32_projects/stm32f401ccu6/libopencm3/lib/libopencm3_stm32f4.a(rcc_common_all.o)
 .text.rcc_periph_reset_pulse
                0x0000000000000000       0x24 /stm32_projects/stm32f401ccu6/libopencm3/lib/libopencm3_stm32f4.a(rcc_common_all.o)
 .text.rcc_periph_reset_hold
                0x0000000000000000        0x4 /stm32_projects/stm32f401ccu6/libopencm3/lib/libopencm3_stm32f4.a(rcc_common_all.o)
 .text.rcc_periph_reset_release
                0x0000000000000000        0x4 /stm32_projects/stm32f401ccu6/libopencm3/lib/libopencm3_stm32f4.a(rcc_common_all.o)
 .text.rcc_set_mco
                0x0000000000000000       0x18 /stm32_projects/stm32f401ccu6/libopencm3/lib/libopencm3_stm32f4.a(rcc_common_all.o)
 .text.rcc_osc_bypass_enable
                0x0000000000000000       0x30 /stm32_projects/stm32f401ccu6/libopencm3/lib/libopencm3_stm32f4.a(rcc_common_all.o)
 .text.rcc_osc_bypass_disable
                0x0000000000000000       0x30 /stm32_projects/stm32f401ccu6/libopencm3/lib/libopencm3_stm32f4.a(rcc_common_all.o)
 .text.rcc_get_div_from_hpre
                0x0000000000000000       0x1c /stm32_projects/stm32f401ccu6/libopencm3/lib/libopencm3_stm32f4.a(rcc_common_all.o)
 .debug_macro   0x0000000000000000      0xa6c /stm32_projects/stm32f401ccu6/libopencm3/lib/libopencm3_stm32f4.a(rcc_common_all.o)
 .debug_macro   0x0000000000000000       0x1c /stm32_projects/stm32f401ccu6/libopencm3/lib/libopencm3_stm32f4.a(rcc_common_all.o)
 .debug_macro   0x0000000000000000       0x22 /stm32_projects/stm32f401ccu6/libopencm3/lib/libopencm3_stm32f4.a(rcc_common_all.o)
 .debug_macro   0x0000000000000000       0x56 /stm32_projects/stm32f401ccu6/libopencm3/lib/libopencm3_stm32f4.a(rcc_common_all.o)
 .debug_macro   0x0000000000000000       0x51 /stm32_projects/stm32f401ccu6/libopencm3/lib/libopencm3_stm32f4.a(rcc_common_all.o)
 .debug_macro   0x0000000000000000      0x103 /stm32_projects/stm32f401ccu6/libopencm3/lib/libopencm3_stm32f4.a(rcc_common_all.o)
 .debug_macro   0x0000000000000000       0x6a /stm32_projects/stm32f401ccu6/libopencm3/lib/libopencm3_stm32f4.a(rcc_common_all.o)
 .debug_macro   0x0000000000000000      0x1df /stm32_projects/stm32f401ccu6/libopencm3/lib/libopencm3_stm32f4.a(rcc_common_all.o)
 .debug_macro   0x0000000000000000       0x22 /stm32_projects/stm32f401ccu6/libopencm3/lib/libopencm3_stm32f4.a(rcc_common_all.o)
 .debug_macro   0x0000000000000000       0xe8 /stm32_projects/stm32f401ccu6/libopencm3/lib/libopencm3_stm32f4.a(rcc_common_all.o)
 .debug_macro   0x0000000000000000       0x76 /stm32_projects/stm32f401ccu6/libopencm3/lib/libopencm3_stm32f4.a(rcc_common_all.o)
 .debug_macro   0x0000000000000000      0x280 /stm32_projects/stm32f401ccu6/libopencm3/lib/libopencm3_stm32f4.a(rcc_common_all.o)
 .group         0x0000000000000000        0xc /stm32_projects/stm32f401ccu6/libopencm3/lib/libopencm3_stm32f4.a(vector.o)
 .group         0x0000000000000000        0xc /stm32_projects/stm32f401ccu6/libopencm3/lib/libopencm3_stm32f4.a(vector.o)
 .group         0x0000000000000000        0xc /stm32_projects/stm32f401ccu6/libopencm3/lib/libopencm3_stm32f4.a(vector.o)
 .group         0x0000000000000000        0xc /stm32_projects/stm32f401ccu6/libopencm3/lib/libopencm3_stm32f4.a(vector.o)
 .group         0x0000000000000000        0xc /stm32_projects/stm32f401ccu6/libopencm3/lib/libopencm3_stm32f4.a(vector.o)
 .group         0x0000000000000000        0xc /stm32_projects/stm32f401ccu6/libopencm3/lib/libopencm3_stm32f4.a(vector.o)
 .group         0x0000000000000000        0xc /stm32_projects/stm32f401ccu6/libopencm3/lib/libopencm3_stm32f4.a(vector.o)
 .group         0x0000000000000000        0xc /stm32_projects/stm32f401ccu6/libopencm3/lib/libopencm3_stm32f4.a(vector.o)
 .group         0x0000000000000000        0xc /stm32_projects/stm32f401ccu6/libopencm3/lib/libopencm3_stm32f4.a(vector.o)
 .group         0x0000000000000000        0xc /stm32_projects/stm32f401ccu6/libopencm3/lib/libopencm3_stm32f4.a(vector.o)
 .group         0x0000000000000000        0xc /stm32_projects/stm32f401ccu6/libopencm3/lib/libopencm3_stm32f4.a(vector.o)
 .group         0x0000000000000000        0xc /stm32_projects/stm32f401ccu6/libopencm3/lib/libopencm3_stm32f4.a(vector.o)
 .group         0x0000000000000000        0xc /stm32_projects/stm32f401ccu6/libopencm3/lib/libopencm3_stm32f4.a(vector.o)
 .group         0x0000000000000000        0xc /stm32_projects/stm32f401ccu6/libopencm3/lib/libopencm3_stm32f4.a(vector.o)
 .text          0x0000000000000000        0x0 /stm32_projects/stm32f401ccu6/libopencm3/lib/libopencm3_stm32f4.a(vector.o)
 .data          0x0000000000000000        0x0 /stm32_projects/stm32f401ccu6/libopencm3/lib/libopencm3_stm32f4.a(vector.o)
 .bss           0x0000000000000000        0x0 /stm32_projects/stm32f401ccu6/libopencm3/lib/libopencm3_stm32f4.a(vector.o)
 .debug_macro   0x0000000000000000      0xa6c /stm32_projects/stm32f401ccu6/libopencm3/lib/libopencm3_stm32f4.a(vector.o)
 .debug_macro   0x0000000000000000       0x76 /stm32_projects/stm32f401ccu6/libopencm3/lib/libopencm3_stm32f4.a(vector.o)
 .debug_macro   0x0000000000000000       0x1c /stm32_projects/stm32f401ccu6/libopencm3/lib/libopencm3_stm32f4.a(vector.o)
 .debug_macro   0x0000000000000000       0x22 /stm32_projects/stm32f401ccu6/libopencm3/lib/libopencm3_stm32f4.a(vector.o)
 .debug_macro   0x0000000000000000       0x56 /stm32_projects/stm32f401ccu6/libopencm3/lib/libopencm3_stm32f4.a(vector.o)
 .debug_macro   0x0000000000000000       0x51 /stm32_projects/stm32f401ccu6/libopencm3/lib/libopencm3_stm32f4.a(vector.o)
 .debug_macro   0x0000000000000000      0x103 /stm32_projects/stm32f401ccu6/libopencm3/lib/libopencm3_stm32f4.a(vector.o)
 .debug_macro   0x0000000000000000       0x6a /stm32_projects/stm32f401ccu6/libopencm3/lib/libopencm3_stm32f4.a(vector.o)
 .debug_macro   0x0000000000000000      0x1df /stm32_projects/stm32f401ccu6/libopencm3/lib/libopencm3_stm32f4.a(vector.o)
 .debug_macro   0x0000000000000000       0x22 /stm32_projects/stm32f401ccu6/libopencm3/lib/libopencm3_stm32f4.a(vector.o)
 .debug_macro   0x0000000000000000       0xe8 /stm32_projects/stm32f401ccu6/libopencm3/lib/libopencm3_stm32f4.a(vector.o)

Memory Configuration

Name             Origin             Length             Attributes
rom              0x0000000008000000 0x0000000000040000 xr
ram              0x0000000020000000 0x0000000000010000 xrw
*default*        0x0000000000000000 0xffffffffffffffff

Linker script and memory map

LOAD main.o
LOAD rtos/heap_4.o
LOAD rtos/list.o
LOAD rtos/port.o
LOAD rtos/tasks.o
LOAD rtos/opencm3.o
START GROUP
LOAD /opt/gcc-arm-none-eabi-10.3-2021.10/bin/../lib/gcc/arm-none-eabi/10.3.1/../../../../arm-none-eabi/lib/thumb/v7e-m+fp/hard/libc.a
LOAD /opt/gcc-arm-none-eabi-10.3-2021.10/bin/../lib/gcc/arm-none-eabi/10.3.1/thumb/v7e-m+fp/hard/libgcc.a
LOAD /opt/gcc-arm-none-eabi-10.3-2021.10/bin/../lib/gcc/arm-none-eabi/10.3.1/../../../../arm-none-eabi/lib/thumb/v7e-m+fp/hard/libnosys.a
END GROUP
LOAD /stm32_projects/stm32f401ccu6//rtos/libwwg/libwwg.a
LOAD /stm32_projects/stm32f401ccu6/libopencm3/lib/libopencm3_stm32f4.a
START GROUP
LOAD /opt/gcc-arm-none-eabi-10.3-2021.10/bin/../lib/gcc/arm-none-eabi/10.3.1/thumb/v7e-m+fp/hard/libgcc.a
LOAD /opt/gcc-arm-none-eabi-10.3-2021.10/bin/../lib/gcc/arm-none-eabi/10.3.1/../../../../arm-none-eabi/lib/thumb/v7e-m+fp/hard/libc.a
END GROUP
START GROUP
LOAD /opt/gcc-arm-none-eabi-10.3-2021.10/bin/../lib/gcc/arm-none-eabi/10.3.1/thumb/v7e-m+fp/hard/libgcc.a
LOAD /opt/gcc-arm-none-eabi-10.3-2021.10/bin/../lib/gcc/arm-none-eabi/10.3.1/../../../../arm-none-eabi/lib/thumb/v7e-m+fp/hard/libc.a
LOAD /opt/gcc-arm-none-eabi-10.3-2021.10/bin/../lib/gcc/arm-none-eabi/10.3.1/../../../../arm-none-eabi/lib/thumb/v7e-m+fp/hard/libnosys.a
END GROUP

.text           0x0000000008000000      0xb20
 *(.vectors)
 .vectors       0x0000000008000000      0x1ac /stm32_projects/stm32f401ccu6/libopencm3/lib/libopencm3_stm32f4.a(vector.o)
                0x0000000008000000                vector_table
 *(.text*)
 .text.task1    0x00000000080001ac       0x20 main.o
 .text.vApplicationStackOverflowHook
                0x00000000080001cc        0x2 main.o
                0x00000000080001cc                vApplicationStackOverflowHook
 *fill*         0x00000000080001ce        0x2 
 .text.startup.main
                0x00000000080001d0       0x3c main.o
                0x00000000080001d0                main
 .text.prvInsertBlockIntoFreeList
                0x000000000800020c       0x48 rtos/heap_4.o
 .text.pvPortMalloc
                0x0000000008000254       0xf8 rtos/heap_4.o
                0x0000000008000254                pvPortMalloc
 .text.vPortFree
                0x000000000800034c       0x4c rtos/heap_4.o
                0x000000000800034c                vPortFree
 .text.vListInitialise
                0x0000000008000398       0x16 rtos/list.o
                0x0000000008000398                vListInitialise
 .text.vListInitialiseItem
                0x00000000080003ae        0x6 rtos/list.o
                0x00000000080003ae                vListInitialiseItem
 .text.vListInsertEnd
                0x00000000080003b4       0x18 rtos/list.o
                0x00000000080003b4                vListInsertEnd
 .text.uxListRemove
                0x00000000080003cc       0x1e rtos/list.o
                0x00000000080003cc                uxListRemove
 .text.prvTaskExitError
                0x00000000080003ea       0x12 rtos/port.o
 .text.prvPortStartFirstTask
                0x00000000080003fc       0x20 rtos/port.o
 .text.pxPortInitialiseStack
                0x000000000800041c       0x24 rtos/port.o
                0x000000000800041c                pxPortInitialiseStack
 .text.vPortSVCHandler
                0x0000000008000440       0x24 rtos/port.o
                0x0000000008000440                vPortSVCHandler
 .text.vPortEnterCritical
                0x0000000008000464       0x20 rtos/port.o
                0x0000000008000464                vPortEnterCritical
 .text.vPortExitCritical
                0x0000000008000484       0x14 rtos/port.o
                0x0000000008000484                vPortExitCritical
 *fill*         0x0000000008000498        0x8 
 .text.xPortPendSVHandler
                0x00000000080004a0       0x44 rtos/port.o
                0x00000000080004a0                xPortPendSVHandler
 .text.xPortSysTickHandler
                0x00000000080004e4       0x2c rtos/port.o
                0x00000000080004e4                xPortSysTickHandler
 .text.vPortSetupTimerInterrupt
                0x0000000008000510       0x10 rtos/port.o
                0x0000000008000510                vPortSetupTimerInterrupt
 .text.xPortStartScheduler
                0x0000000008000520       0x34 rtos/port.o
                0x0000000008000520                xPortStartScheduler
 .text.prvIdleTask
                0x0000000008000554       0x24 rtos/tasks.o
 .text.prvResetNextTaskUnblockTime
                0x0000000008000578       0x24 rtos/tasks.o
 .text.xTaskCreate
                0x000000000800059c      0x184 rtos/tasks.o
                0x000000000800059c                xTaskCreate
 .text.vTaskStartScheduler
                0x0000000008000720       0x60 rtos/tasks.o
                0x0000000008000720                vTaskStartScheduler
 .text.vTaskSuspendAll
                0x0000000008000780       0x10 rtos/tasks.o
                0x0000000008000780                vTaskSuspendAll
 .text.xTaskIncrementTick
                0x0000000008000790      0x118 rtos/tasks.o
                0x0000000008000790                xTaskIncrementTick
 .text.xTaskResumeAll
                0x00000000080008a8       0xd8 rtos/tasks.o
                0x00000000080008a8                xTaskResumeAll
 .text.vTaskSwitchContext
                0x0000000008000980       0x74 rtos/tasks.o
                0x0000000008000980                vTaskSwitchContext
 .text.sv_call_handler
                0x00000000080009f4        0x4 rtos/opencm3.o
                0x00000000080009f4                sv_call_handler
 .text.pend_sv_handler
                0x00000000080009f8        0x4 rtos/opencm3.o
                0x00000000080009f8                pend_sv_handler
 .text.sys_tick_handler
                0x00000000080009fc        0x4 rtos/opencm3.o
                0x00000000080009fc                sys_tick_handler
 .text.gpio_toggle
                0x0000000008000a00       0x12 /stm32_projects/stm32f401ccu6/libopencm3/lib/libopencm3_stm32f4.a(gpio_common_all.o)
                0x0000000008000a00                gpio_toggle
 .text.gpio_mode_setup
                0x0000000008000a12       0x40 /stm32_projects/stm32f401ccu6/libopencm3/lib/libopencm3_stm32f4.a(gpio_common_f0234.o)
                0x0000000008000a12                gpio_mode_setup
 .text.rcc_periph_clock_enable
                0x0000000008000a52       0x1c /stm32_projects/stm32f401ccu6/libopencm3/lib/libopencm3_stm32f4.a(rcc_common_all.o)
                0x0000000008000a52                rcc_periph_clock_enable
 .text.blocking_handler
                0x0000000008000a6e        0x2 /stm32_projects/stm32f401ccu6/libopencm3/lib/libopencm3_stm32f4.a(vector.o)
                0x0000000008000a6e                dma2_stream1_isr
                0x0000000008000a6e                tim8_brk_tim12_isr
                0x0000000008000a6e                dma1_stream7_isr
                0x0000000008000a6e                usart3_isr
                0x0000000008000a6e                tim7_isr
                0x0000000008000a6e                dma2d_isr
                0x0000000008000a6e                uart8_isr
                0x0000000008000a6e                dma1_stream2_isr
                0x0000000008000a6e                otg_hs_isr
                0x0000000008000a6e                blocking_handler
                0x0000000008000a6e                tim5_isr
                0x0000000008000a6e                rtc_wkup_isr
                0x0000000008000a6e                otg_fs_isr
                0x0000000008000a6e                spi1_isr
                0x0000000008000a6e                i2c3_er_isr
                0x0000000008000a6e                exti2_isr
                0x0000000008000a6e                spi5_isr
                0x0000000008000a6e                usb_fs_wkup_isr
                0x0000000008000a6e                tamp_stamp_isr
                0x0000000008000a6e                can1_rx1_isr
                0x0000000008000a6e                dma2_stream0_isr
                0x0000000008000a6e                usart1_isr
                0x0000000008000a6e                i2c3_ev_isr
                0x0000000008000a6e                usage_fault_handler
                0x0000000008000a6e                can2_rx0_isr
                0x0000000008000a6e                dma1_stream6_isr
                0x0000000008000a6e                can2_rx1_isr
                0x0000000008000a6e                can1_sce_isr
                0x0000000008000a6e                tim1_cc_isr
                0x0000000008000a6e                can1_tx_isr
                0x0000000008000a6e                tim1_up_tim10_isr
                0x0000000008000a6e                sdio_isr
                0x0000000008000a6e                eth_isr
                0x0000000008000a6e                spi6_isr
                0x0000000008000a6e                dma2_stream5_isr
                0x0000000008000a6e                pvd_isr
                0x0000000008000a6e                can1_rx0_isr
                0x0000000008000a6e                rcc_isr
                0x0000000008000a6e                dma2_stream3_isr
                0x0000000008000a6e                flash_isr
                0x0000000008000a6e                uart4_isr
                0x0000000008000a6e                lcd_tft_isr
                0x0000000008000a6e                rtc_alarm_isr
                0x0000000008000a6e                exti15_10_isr
                0x0000000008000a6e                hash_rng_isr
                0x0000000008000a6e                tim1_trg_com_tim11_isr
                0x0000000008000a6e                hard_fault_handler
                0x0000000008000a6e                exti1_isr
                0x0000000008000a6e                i2c1_ev_isr
                0x0000000008000a6e                usart6_isr
                0x0000000008000a6e                spi2_isr
                0x0000000008000a6e                cryp_isr
                0x0000000008000a6e                nvic_wwdg_isr
                0x0000000008000a6e                dma1_stream1_isr
                0x0000000008000a6e                dma2_stream4_isr
                0x0000000008000a6e                exti3_isr
                0x0000000008000a6e                tim3_isr
                0x0000000008000a6e                usart2_isr
                0x0000000008000a6e                sai1_isr
                0x0000000008000a6e                fpu_isr
                0x0000000008000a6e                dma1_stream4_isr
                0x0000000008000a6e                i2c2_er_isr
                0x0000000008000a6e                i2c2_ev_isr
                0x0000000008000a6e                uart5_isr
                0x0000000008000a6e                dma2_stream6_isr
                0x0000000008000a6e                spi4_isr
                0x0000000008000a6e                adc_isr
                0x0000000008000a6e                dma2_stream7_isr
                0x0000000008000a6e                tim8_up_tim13_isr
                0x0000000008000a6e                fsmc_isr
                0x0000000008000a6e                exti4_isr
                0x0000000008000a6e                tim6_dac_isr
                0x0000000008000a6e                dma1_stream3_isr
                0x0000000008000a6e                tim8_trg_com_tim14_isr
                0x0000000008000a6e                mem_manage_handler
                0x0000000008000a6e                lcd_tft_err_isr
                0x0000000008000a6e                can2_tx_isr
                0x0000000008000a6e                exti9_5_isr
                0x0000000008000a6e                tim1_brk_tim9_isr
                0x0000000008000a6e                uart7_isr
                0x0000000008000a6e                can2_sce_isr
                0x0000000008000a6e                tim4_isr
                0x0000000008000a6e                otg_hs_wkup_isr
                0x0000000008000a6e                i2c1_er_isr
                0x0000000008000a6e                dma1_stream0_isr
                0x0000000008000a6e                tim8_cc_isr
                0x0000000008000a6e                dcmi_isr
                0x0000000008000a6e                dma2_stream2_isr
                0x0000000008000a6e                eth_wkup_isr
                0x0000000008000a6e                bus_fault_handler
                0x0000000008000a6e                otg_hs_ep1_out_isr
                0x0000000008000a6e                spi3_isr
                0x0000000008000a6e                dma1_stream5_isr
                0x0000000008000a6e                otg_hs_ep1_in_isr
                0x0000000008000a6e                tim2_isr
                0x0000000008000a6e                exti0_isr
 .text.null_handler
                0x0000000008000a70        0x2 /stm32_projects/stm32f401ccu6/libopencm3/lib/libopencm3_stm32f4.a(vector.o)
                0x0000000008000a70                null_handler
                0x0000000008000a70                debug_monitor_handler
                0x0000000008000a70                nmi_handler
 *fill*         0x0000000008000a72        0x2 
 .text.reset_handler
                0x0000000008000a74       0xa0 /stm32_projects/stm32f401ccu6/libopencm3/lib/libopencm3_stm32f4.a(vector.o)
                0x0000000008000a74                reset_handler
                0x0000000008000b14                . = ALIGN (0x4)
 *(.rodata*)
 .rodata.main.str1.1
                0x0000000008000b14        0x4 main.o
 .rodata.vTaskStartScheduler.str1.1
                0x0000000008000b18        0x5 rtos/tasks.o
                0x0000000008000b20                . = ALIGN (0x4)
 *fill*         0x0000000008000b1d        0x3 

.glue_7         0x0000000008000b20        0x0
 .glue_7        0x0000000008000b20        0x0 linker stubs

.glue_7t        0x0000000008000b20        0x0
 .glue_7t       0x0000000008000b20        0x0 linker stubs

.vfp11_veneer   0x0000000008000b20        0x0
 .vfp11_veneer  0x0000000008000b20        0x0 linker stubs

.v4_bx          0x0000000008000b20        0x0
 .v4_bx         0x0000000008000b20        0x0 linker stubs

.iplt           0x0000000008000b20        0x0
 .iplt          0x0000000008000b20        0x0 main.o

.rel.dyn        0x0000000008000b20        0x0
 .rel.iplt      0x0000000008000b20        0x0 main.o

.preinit_array  0x0000000008000b20        0x0
                0x0000000008000b20                . = ALIGN (0x4)
                0x0000000008000b20                __preinit_array_start = .
 *(.preinit_array)
                0x0000000008000b20                __preinit_array_end = .

.init_array     0x0000000008000b20        0x0
                0x0000000008000b20                . = ALIGN (0x4)
                0x0000000008000b20                __init_array_start = .
 *(SORT_BY_NAME(.init_array.*))
 *(.init_array)
                0x0000000008000b20                __init_array_end = .

.fini_array     0x0000000008000b20        0x0
                0x0000000008000b20                . = ALIGN (0x4)
                0x0000000008000b20                __fini_array_start = .
 *(.fini_array)
 *(SORT_BY_NAME(.fini_array.*))
                0x0000000008000b20                __fini_array_end = .

.ARM.extab
 *(.ARM.extab*)

.ARM.exidx      0x0000000008000b20        0x0
                0x0000000008000b20                __exidx_start = .
 *(.ARM.exidx*)
                0x0000000008000b20                __exidx_end = .
                0x0000000008000b20                . = ALIGN (0x4)
                0x0000000008000b20                _etext = .

.data           0x0000000020000000        0x4 load address 0x0000000008000b20
                0x0000000020000000                _data = .
 *(.data*)
 .data.uxCriticalNesting
                0x0000000020000000        0x4 rtos/port.o
                0x0000000020000004                . = ALIGN (0x4)
                0x0000000020000004                _edata = .
                0x0000000008000b20                _data_loadaddr = LOADADDR (.data)

.igot.plt       0x0000000020000004        0x0 load address 0x0000000008000b24
 .igot.plt      0x0000000020000004        0x0 main.o

.bss            0x0000000020000004     0x44f0 load address 0x0000000008000b24
 *(.bss*)
 .bss.pxEnd     0x0000000020000004        0x4 rtos/heap_4.o
 .bss.ucHeap    0x0000000020000008     0x4400 rtos/heap_4.o
 .bss.xBlockAllocatedBit
                0x0000000020004408        0x4 rtos/heap_4.o
 .bss.xFreeBytesRemaining
                0x000000002000440c        0x4 rtos/heap_4.o
 .bss.xMinimumEverFreeBytesRemaining
                0x0000000020004410        0x4 rtos/heap_4.o
 .bss.xStart    0x0000000020004414        0x8 rtos/heap_4.o
 .bss.pxCurrentTCB
                0x000000002000441c        0x4 rtos/tasks.o
                0x000000002000441c                pxCurrentTCB
 .bss.pxDelayedTaskList
                0x0000000020004420        0x4 rtos/tasks.o
 .bss.pxOverflowDelayedTaskList
                0x0000000020004424        0x4 rtos/tasks.o
 .bss.pxReadyTasksLists
                0x0000000020004428       0x64 rtos/tasks.o
 .bss.uxCurrentNumberOfTasks
                0x000000002000448c        0x4 rtos/tasks.o
 .bss.uxPendedTicks
                0x0000000020004490        0x4 rtos/tasks.o
 .bss.uxSchedulerSuspended
                0x0000000020004494        0x4 rtos/tasks.o
 .bss.uxTaskNumber
                0x0000000020004498        0x4 rtos/tasks.o
 .bss.uxTopReadyPriority
                0x000000002000449c        0x4 rtos/tasks.o
 .bss.xDelayedTaskList1
                0x00000000200044a0       0x14 rtos/tasks.o
 .bss.xDelayedTaskList2
                0x00000000200044b4       0x14 rtos/tasks.o
 .bss.xIdleTaskHandle
                0x00000000200044c8        0x4 rtos/tasks.o
 .bss.xNextTaskUnblockTime
                0x00000000200044cc        0x4 rtos/tasks.o
 .bss.xNumOfOverflows
                0x00000000200044d0        0x4 rtos/tasks.o
 .bss.xPendingReadyList
                0x00000000200044d4       0x14 rtos/tasks.o
 .bss.xSchedulerRunning
                0x00000000200044e8        0x4 rtos/tasks.o
 .bss.xTickCount
                0x00000000200044ec        0x4 rtos/tasks.o
 .bss.xYieldPending
                0x00000000200044f0        0x4 rtos/tasks.o
 *(COMMON)
                0x00000000200044f4                . = ALIGN (0x4)
                0x00000000200044f4                _ebss = .

/DISCARD/
 *(.eh_frame)
                0x00000000200044f4                . = ALIGN (0x4)
                0x00000000200044f4                end = .
                0x0000000020010000                PROVIDE (_stack = (ORIGIN (ram) + LENGTH (ram)))
OUTPUT(main.elf elf32-littlearm)
LOAD linker stubs

.debug_info     0x0000000000000000     0x3a09
 .debug_info    0x0000000000000000      0x641 main.o
 .debug_info    0x0000000000000641      0x413 rtos/heap_4.o
 .debug_info    0x0000000000000a54      0x2ce rtos/list.o
 .debug_info    0x0000000000000d22      0x328 rtos/port.o
 .debug_info    0x000000000000104a     0x17c9 rtos/tasks.o
 .debug_info    0x0000000000002813       0xf7 rtos/opencm3.o
 .debug_info    0x000000000000290a      0x266 /stm32_projects/stm32f401ccu6/libopencm3/lib/libopencm3_stm32f4.a(gpio_common_all.o)
 .debug_info    0x0000000000002b70      0x233 /stm32_projects/stm32f401ccu6/libopencm3/lib/libopencm3_stm32f4.a(gpio_common_f0234.o)
 .debug_info    0x0000000000002da3      0x974 /stm32_projects/stm32f401ccu6/libopencm3/lib/libopencm3_stm32f4.a(rcc_common_all.o)
 .debug_info    0x0000000000003717      0x2f2 /stm32_projects/stm32f401ccu6/libopencm3/lib/libopencm3_stm32f4.a(vector.o)

.debug_abbrev   0x0000000000000000      0xf68
 .debug_abbrev  0x0000000000000000      0x138 main.o
 .debug_abbrev  0x0000000000000138      0x233 rtos/heap_4.o
 .debug_abbrev  0x000000000000036b       0xff rtos/list.o
 .debug_abbrev  0x000000000000046a      0x223 rtos/port.o
 .debug_abbrev  0x000000000000068d      0x3cd rtos/tasks.o
 .debug_abbrev  0x0000000000000a5a       0x67 rtos/opencm3.o
 .debug_abbrev  0x0000000000000ac1      0x116 /stm32_projects/stm32f401ccu6/libopencm3/lib/libopencm3_stm32f4.a(gpio_common_all.o)
 .debug_abbrev  0x0000000000000bd7       0xbf /stm32_projects/stm32f401ccu6/libopencm3/lib/libopencm3_stm32f4.a(gpio_common_f0234.o)
 .debug_abbrev  0x0000000000000c96      0x177 /stm32_projects/stm32f401ccu6/libopencm3/lib/libopencm3_stm32f4.a(rcc_common_all.o)
 .debug_abbrev  0x0000000000000e0d      0x15b /stm32_projects/stm32f401ccu6/libopencm3/lib/libopencm3_stm32f4.a(vector.o)

.debug_loc      0x0000000000000000     0x1957
 .debug_loc     0x0000000000000000       0xa4 main.o
 .debug_loc     0x00000000000000a4      0x3a1 rtos/heap_4.o
 .debug_loc     0x0000000000000445       0xaf rtos/list.o
 .debug_loc     0x00000000000004f4       0xbe rtos/port.o
 .debug_loc     0x00000000000005b2      0xf50 rtos/tasks.o
 .debug_loc     0x0000000000001502       0xbe /stm32_projects/stm32f401ccu6/libopencm3/lib/libopencm3_stm32f4.a(gpio_common_all.o)
 .debug_loc     0x00000000000015c0      0x14f /stm32_projects/stm32f401ccu6/libopencm3/lib/libopencm3_stm32f4.a(gpio_common_f0234.o)
 .debug_loc     0x000000000000170f      0x120 /stm32_projects/stm32f401ccu6/libopencm3/lib/libopencm3_stm32f4.a(rcc_common_all.o)
 .debug_loc     0x000000000000182f      0x128 /stm32_projects/stm32f401ccu6/libopencm3/lib/libopencm3_stm32f4.a(vector.o)

.debug_aranges  0x0000000000000000      0x360
 .debug_aranges
                0x0000000000000000       0x30 main.o
 .debug_aranges
                0x0000000000000030       0x48 rtos/heap_4.o
 .debug_aranges
                0x0000000000000078       0x40 rtos/list.o
 .debug_aranges
                0x00000000000000b8       0x70 rtos/port.o
 .debug_aranges
                0x0000000000000128       0xf8 rtos/tasks.o
 .debug_aranges
                0x0000000000000220       0x30 rtos/opencm3.o
 .debug_aranges
                0x0000000000000250       0x50 /stm32_projects/stm32f401ccu6/libopencm3/lib/libopencm3_stm32f4.a(gpio_common_all.o)
 .debug_aranges
                0x00000000000002a0       0x30 /stm32_projects/stm32f401ccu6/libopencm3/lib/libopencm3_stm32f4.a(gpio_common_f0234.o)
 .debug_aranges
                0x00000000000002d0       0x60 /stm32_projects/stm32f401ccu6/libopencm3/lib/libopencm3_stm32f4.a(rcc_common_all.o)
 .debug_aranges
                0x0000000000000330       0x30 /stm32_projects/stm32f401ccu6/libopencm3/lib/libopencm3_stm32f4.a(vector.o)

.debug_ranges   0x0000000000000000      0x398
 .debug_ranges  0x0000000000000000       0x20 main.o
 .debug_ranges  0x0000000000000020       0x38 rtos/heap_4.o
 .debug_ranges  0x0000000000000058       0x30 rtos/list.o
 .debug_ranges  0x0000000000000088       0x78 rtos/port.o
 .debug_ranges  0x0000000000000100      0x1a8 rtos/tasks.o
 .debug_ranges  0x00000000000002a8       0x20 rtos/opencm3.o
 .debug_ranges  0x00000000000002c8       0x40 /stm32_projects/stm32f401ccu6/libopencm3/lib/libopencm3_stm32f4.a(gpio_common_all.o)
 .debug_ranges  0x0000000000000308       0x20 /stm32_projects/stm32f401ccu6/libopencm3/lib/libopencm3_stm32f4.a(gpio_common_f0234.o)
 .debug_ranges  0x0000000000000328       0x50 /stm32_projects/stm32f401ccu6/libopencm3/lib/libopencm3_stm32f4.a(rcc_common_all.o)
 .debug_ranges  0x0000000000000378       0x20 /stm32_projects/stm32f401ccu6/libopencm3/lib/libopencm3_stm32f4.a(vector.o)

.debug_line     0x0000000000000000     0x2d93
 .debug_line    0x0000000000000000      0x1ba main.o
 .debug_line    0x00000000000001ba      0x465 rtos/heap_4.o
 .debug_line    0x000000000000061f      0x283 rtos/list.o
 .debug_line    0x00000000000008a2      0x318 rtos/port.o
 .debug_line    0x0000000000000bba     0x103b rtos/tasks.o
 .debug_line    0x0000000000001bf5       0x6b rtos/opencm3.o
 .debug_line    0x0000000000001c60      0x3dc /stm32_projects/stm32f401ccu6/libopencm3/lib/libopencm3_stm32f4.a(gpio_common_all.o)
 .debug_line    0x000000000000203c      0x4c4 /stm32_projects/stm32f401ccu6/libopencm3/lib/libopencm3_stm32f4.a(gpio_common_f0234.o)
 .debug_line    0x0000000000002500      0x43b /stm32_projects/stm32f401ccu6/libopencm3/lib/libopencm3_stm32f4.a(rcc_common_all.o)
 .debug_line    0x000000000000293b      0x458 /stm32_projects/stm32f401ccu6/libopencm3/lib/libopencm3_stm32f4.a(vector.o)

.debug_str      0x0000000000000000     0xe6db
 .debug_str     0x0000000000000000      0x759 main.o
                                        0x7e7 (size before relaxing)
 .debug_str     0x0000000000000759      0x1fc rtos/heap_4.o
                                        0x355 (size before relaxing)
 .debug_str     0x0000000000000955      0x140 rtos/list.o
                                        0x2b0 (size before relaxing)
 .debug_str     0x0000000000000a95      0x183 rtos/port.o
                                        0x30a (size before relaxing)
 .debug_str     0x0000000000000c18      0x765 rtos/tasks.o
                                        0xb8b (size before relaxing)
 .debug_str     0x000000000000137d       0x40 rtos/opencm3.o
                                        0x1c8 (size before relaxing)
 .debug_str     0x00000000000013bd     0x63d3 /stm32_projects/stm32f401ccu6/libopencm3/lib/libopencm3_stm32f4.a(gpio_common_all.o)
                                       0x656c (size before relaxing)
 .debug_str     0x0000000000007790       0x8a /stm32_projects/stm32f401ccu6/libopencm3/lib/libopencm3_stm32f4.a(gpio_common_f0234.o)
                                       0x658e (size before relaxing)
 .debug_str     0x000000000000781a     0x41be /stm32_projects/stm32f401ccu6/libopencm3/lib/libopencm3_stm32f4.a(rcc_common_all.o)
                                       0x992b (size before relaxing)
 .debug_str     0x000000000000b9d8     0x2d03 /stm32_projects/stm32f401ccu6/libopencm3/lib/libopencm3_stm32f4.a(vector.o)
                                       0x6e1d (size before relaxing)

.comment        0x0000000000000000       0x49
 .comment       0x0000000000000000       0x49 main.o
                                         0x4a (size before relaxing)
 .comment       0x0000000000000049       0x4a rtos/heap_4.o
 .comment       0x0000000000000049       0x4a rtos/list.o
 .comment       0x0000000000000049       0x4a rtos/port.o
 .comment       0x0000000000000049       0x4a rtos/tasks.o
 .comment       0x0000000000000049       0x4a rtos/opencm3.o
 .comment       0x0000000000000049       0x4a /stm32_projects/stm32f401ccu6/libopencm3/lib/libopencm3_stm32f4.a(gpio_common_all.o)
 .comment       0x0000000000000049       0x4a /stm32_projects/stm32f401ccu6/libopencm3/lib/libopencm3_stm32f4.a(gpio_common_f0234.o)
 .comment       0x0000000000000049       0x4a /stm32_projects/stm32f401ccu6/libopencm3/lib/libopencm3_stm32f4.a(rcc_common_all.o)
 .comment       0x0000000000000049       0x4a /stm32_projects/stm32f401ccu6/libopencm3/lib/libopencm3_stm32f4.a(vector.o)

.ARM.attributes
                0x0000000000000000       0x34
 .ARM.attributes
                0x0000000000000000       0x34 main.o
 .ARM.attributes
                0x0000000000000034       0x34 rtos/heap_4.o
 .ARM.attributes
                0x0000000000000068       0x34 rtos/list.o
 .ARM.attributes
                0x000000000000009c       0x34 rtos/port.o
 .ARM.attributes
                0x00000000000000d0       0x34 rtos/tasks.o
 .ARM.attributes
                0x0000000000000104       0x34 rtos/opencm3.o
 .ARM.attributes
                0x0000000000000138       0x34 /stm32_projects/stm32f401ccu6/libopencm3/lib/libopencm3_stm32f4.a(gpio_common_all.o)
 .ARM.attributes
                0x000000000000016c       0x34 /stm32_projects/stm32f401ccu6/libopencm3/lib/libopencm3_stm32f4.a(gpio_common_f0234.o)
 .ARM.attributes
                0x00000000000001a0       0x34 /stm32_projects/stm32f401ccu6/libopencm3/lib/libopencm3_stm32f4.a(rcc_common_all.o)
 .ARM.attributes
                0x00000000000001d4       0x34 /stm32_projects/stm32f401ccu6/libopencm3/lib/libopencm3_stm32f4.a(vector.o)

.debug_frame    0x0000000000000000      0x794
 .debug_frame   0x0000000000000000       0x50 main.o
 .debug_frame   0x0000000000000050       0x98 rtos/heap_4.o
 .debug_frame   0x00000000000000e8       0x6c rtos/list.o
 .debug_frame   0x0000000000000154       0xd0 rtos/port.o
 .debug_frame   0x0000000000000224      0x314 rtos/tasks.o
 .debug_frame   0x0000000000000538       0x40 rtos/opencm3.o
 .debug_frame   0x0000000000000578       0x80 /stm32_projects/stm32f401ccu6/libopencm3/lib/libopencm3_stm32f4.a(gpio_common_all.o)
 .debug_frame   0x00000000000005f8       0x70 /stm32_projects/stm32f401ccu6/libopencm3/lib/libopencm3_stm32f4.a(gpio_common_f0234.o)
 .debug_frame   0x0000000000000668       0xe0 /stm32_projects/stm32f401ccu6/libopencm3/lib/libopencm3_stm32f4.a(rcc_common_all.o)
 .debug_frame   0x0000000000000748       0x4c /stm32_projects/stm32f401ccu6/libopencm3/lib/libopencm3_stm32f4.a(vector.o)

.debug_macro    0x0000000000000000     0x2f6a
 .debug_macro   0x0000000000000000       0xd1 /stm32_projects/stm32f401ccu6/libopencm3/lib/libopencm3_stm32f4.a(gpio_common_all.o)
 .debug_macro   0x00000000000000d1      0xa6c /stm32_projects/stm32f401ccu6/libopencm3/lib/libopencm3_stm32f4.a(gpio_common_all.o)
 .debug_macro   0x0000000000000b3d       0x1c /stm32_projects/stm32f401ccu6/libopencm3/lib/libopencm3_stm32f4.a(gpio_common_all.o)
 .debug_macro   0x0000000000000b59       0x22 /stm32_projects/stm32f401ccu6/libopencm3/lib/libopencm3_stm32f4.a(gpio_common_all.o)
 .debug_macro   0x0000000000000b7b       0x56 /stm32_projects/stm32f401ccu6/libopencm3/lib/libopencm3_stm32f4.a(gpio_common_all.o)
 .debug_macro   0x0000000000000bd1       0x51 /stm32_projects/stm32f401ccu6/libopencm3/lib/libopencm3_stm32f4.a(gpio_common_all.o)
 .debug_macro   0x0000000000000c22      0x103 /stm32_projects/stm32f401ccu6/libopencm3/lib/libopencm3_stm32f4.a(gpio_common_all.o)
 .debug_macro   0x0000000000000d25       0x6a /stm32_projects/stm32f401ccu6/libopencm3/lib/libopencm3_stm32f4.a(gpio_common_all.o)
 .debug_macro   0x0000000000000d8f      0x1df /stm32_projects/stm32f401ccu6/libopencm3/lib/libopencm3_stm32f4.a(gpio_common_all.o)
 .debug_macro   0x0000000000000f6e       0x22 /stm32_projects/stm32f401ccu6/libopencm3/lib/libopencm3_stm32f4.a(gpio_common_all.o)
 .debug_macro   0x0000000000000f90       0xe8 /stm32_projects/stm32f401ccu6/libopencm3/lib/libopencm3_stm32f4.a(gpio_common_all.o)
 .debug_macro   0x0000000000001078       0x76 /stm32_projects/stm32f401ccu6/libopencm3/lib/libopencm3_stm32f4.a(gpio_common_all.o)
 .debug_macro   0x00000000000010ee      0x280 /stm32_projects/stm32f401ccu6/libopencm3/lib/libopencm3_stm32f4.a(gpio_common_all.o)
 .debug_macro   0x000000000000136e       0x76 /stm32_projects/stm32f401ccu6/libopencm3/lib/libopencm3_stm32f4.a(gpio_common_all.o)
 .debug_macro   0x00000000000013e4      0x37e /stm32_projects/stm32f401ccu6/libopencm3/lib/libopencm3_stm32f4.a(gpio_common_all.o)
 .debug_macro   0x0000000000001762       0xca /stm32_projects/stm32f401ccu6/libopencm3/lib/libopencm3_stm32f4.a(gpio_common_all.o)
 .debug_macro   0x000000000000182c       0xd1 /stm32_projects/stm32f401ccu6/libopencm3/lib/libopencm3_stm32f4.a(gpio_common_f0234.o)
 .debug_macro   0x00000000000018fd       0xf0 /stm32_projects/stm32f401ccu6/libopencm3/lib/libopencm3_stm32f4.a(rcc_common_all.o)
 .debug_macro   0x00000000000019ed       0x8e /stm32_projects/stm32f401ccu6/libopencm3/lib/libopencm3_stm32f4.a(rcc_common_all.o)
 .debug_macro   0x0000000000001a7b       0x46 /stm32_projects/stm32f401ccu6/libopencm3/lib/libopencm3_stm32f4.a(rcc_common_all.o)
 .debug_macro   0x0000000000001ac1      0xcea /stm32_projects/stm32f401ccu6/libopencm3/lib/libopencm3_stm32f4.a(rcc_common_all.o)
 .debug_macro   0x00000000000027ab       0xd3 /stm32_projects/stm32f401ccu6/libopencm3/lib/libopencm3_stm32f4.a(vector.o)
 .debug_macro   0x000000000000287e      0x452 /stm32_projects/stm32f401ccu6/libopencm3/lib/libopencm3_stm32f4.a(vector.o)
 .debug_macro   0x0000000000002cd0       0x6e /stm32_projects/stm32f401ccu6/libopencm3/lib/libopencm3_stm32f4.a(vector.o)
 .debug_macro   0x0000000000002d3e      0x22c /stm32_projects/stm32f401ccu6/libopencm3/lib/libopencm3_stm32f4.a(vector.o)
