Archive member included to satisfy reference by file (symbol)

/stm32_projects/stm32f401ccu6/libopencm3/lib/libopencm3_stm32f4.a(gpio_common_all.o)
                              main.o (gpio_toggle)
/stm32_projects/stm32f401ccu6/libopencm3/lib/libopencm3_stm32f4.a(gpio_common_f0234.o)
                              main.o (gpio_mode_setup)
/stm32_projects/stm32f401ccu6/libopencm3/lib/libopencm3_stm32f4.a(rcc_common_all.o)
                              main.o (rcc_periph_clock_enable)
/stm32_projects/stm32f401ccu6/libopencm3/lib/libopencm3_stm32f4.a(usart_common_all.o)
                              main.o (usart_set_baudrate)
/stm32_projects/stm32f401ccu6/libopencm3/lib/libopencm3_stm32f4.a(usart_common_f124.o)
                              /stm32_projects/stm32f401ccu6/libopencm3/lib/libopencm3_stm32f4.a(usart_common_all.o) (usart_send)
/stm32_projects/stm32f401ccu6/libopencm3/lib/libopencm3_stm32f4.a(vector.o)
                              (reset_handler)
/stm32_projects/stm32f401ccu6/libopencm3/lib/libopencm3_stm32f4.a(rcc.o)
                              /stm32_projects/stm32f401ccu6/libopencm3/lib/libopencm3_stm32f4.a(usart_common_all.o) (rcc_apb2_frequency)
/stm32_projects/stm32f401ccu6/libopencm3/lib/libopencm3_stm32f4.a(flash_common_all.o)
                              /stm32_projects/stm32f401ccu6/libopencm3/lib/libopencm3_stm32f4.a(rcc.o) (flash_set_ws)
/stm32_projects/stm32f401ccu6/libopencm3/lib/libopencm3_stm32f4.a(flash_common_idcache.o)
                              /stm32_projects/stm32f401ccu6/libopencm3/lib/libopencm3_stm32f4.a(rcc.o) (flash_dcache_enable)
/stm32_projects/stm32f401ccu6/libopencm3/lib/libopencm3_stm32f4.a(pwr.o)
                              /stm32_projects/stm32f401ccu6/libopencm3/lib/libopencm3_stm32f4.a(rcc.o) (pwr_set_vos_scale)

Discarded input sections

 .text          0x0000000000000000        0x0 main.o
 .data          0x0000000000000000        0x0 main.o
 .bss           0x0000000000000000        0x0 main.o
 .text          0x0000000000000000        0x0 rtos/heap_4.o
 .data          0x0000000000000000        0x0 rtos/heap_4.o
 .bss           0x0000000000000000        0x0 rtos/heap_4.o
 .text.prvInsertBlockIntoFreeList
                0x0000000000000000       0x48 rtos/heap_4.o
 .text.pvPortMalloc
                0x0000000000000000       0xf8 rtos/heap_4.o
 .text.vPortFree
                0x0000000000000000       0x4c rtos/heap_4.o
 .text.xPortGetFreeHeapSize
                0x0000000000000000        0xc rtos/heap_4.o
 .text.xPortGetMinimumEverFreeHeapSize
                0x0000000000000000        0xc rtos/heap_4.o
 .text.vPortInitialiseBlocks
                0x0000000000000000        0x2 rtos/heap_4.o
 .bss.pxEnd     0x0000000000000000        0x4 rtos/heap_4.o
 .bss.ucHeap    0x0000000000000000     0x4400 rtos/heap_4.o
 .bss.xBlockAllocatedBit
                0x0000000000000000        0x4 rtos/heap_4.o
 .bss.xFreeBytesRemaining
                0x0000000000000000        0x4 rtos/heap_4.o
 .bss.xMinimumEverFreeBytesRemaining
                0x0000000000000000        0x4 rtos/heap_4.o
 .bss.xStart    0x0000000000000000        0x8 rtos/heap_4.o
 .debug_info    0x0000000000000000      0x413 rtos/heap_4.o
 .debug_abbrev  0x0000000000000000      0x233 rtos/heap_4.o
 .debug_loc     0x0000000000000000      0x3a1 rtos/heap_4.o
 .debug_aranges
                0x0000000000000000       0x48 rtos/heap_4.o
 .debug_ranges  0x0000000000000000       0x38 rtos/heap_4.o
 .debug_line    0x0000000000000000      0x465 rtos/heap_4.o
 .debug_str     0x0000000000000000      0x354 rtos/heap_4.o
 .comment       0x0000000000000000       0x4a rtos/heap_4.o
 .debug_frame   0x0000000000000000       0x98 rtos/heap_4.o
 .ARM.attributes
                0x0000000000000000       0x34 rtos/heap_4.o
 .text          0x0000000000000000        0x0 rtos/list.o
 .data          0x0000000000000000        0x0 rtos/list.o
 .bss           0x0000000000000000        0x0 rtos/list.o
 .text.vListInitialise
                0x0000000000000000       0x16 rtos/list.o
 .text.vListInitialiseItem
                0x0000000000000000        0x6 rtos/list.o
 .text.vListInsert
                0x0000000000000000       0x2e rtos/list.o
 .text          0x0000000000000000        0x0 rtos/port.o
 .data          0x0000000000000000        0x0 rtos/port.o
 .bss           0x0000000000000000        0x0 rtos/port.o
 .text.prvTaskExitError
                0x0000000000000000       0x12 rtos/port.o
 .text.prvPortStartFirstTask
                0x0000000000000000       0x20 rtos/port.o
 .text.pxPortInitialiseStack
                0x0000000000000000       0x24 rtos/port.o
 .text.vPortEndScheduler
                0x0000000000000000        0x2 rtos/port.o
 .text.vPortEnterCritical
                0x0000000000000000       0x20 rtos/port.o
 .text.vPortExitCritical
                0x0000000000000000       0x14 rtos/port.o
 .text.vPortSetupTimerInterrupt
                0x0000000000000000       0x10 rtos/port.o
 .text.xPortStartScheduler
[...]
Memory Configuration

Name             Origin             Length             Attributes
rom              0x0000000008000000 0x0000000000040000 xr
ram              0x0000000020000000 0x0000000000010000 xrw
*default*        0x0000000000000000 0xffffffffffffffff

Linker script and memory map

LOAD main.o
LOAD rtos/heap_4.o
LOAD rtos/list.o
LOAD rtos/port.o
LOAD rtos/tasks.o
LOAD rtos/opencm3.o
START GROUP
LOAD /opt/gcc-arm-none-eabi-10.3-2021.10/bin/../lib/gcc/arm-none-eabi/10.3.1/../../../../arm-none-eabi/lib/thumb/v7e-m+fp/hard/libc.a
LOAD /opt/gcc-arm-none-eabi-10.3-2021.10/bin/../lib/gcc/arm-none-eabi/10.3.1/thumb/v7e-m+fp/hard/libgcc.a
LOAD /opt/gcc-arm-none-eabi-10.3-2021.10/bin/../lib/gcc/arm-none-eabi/10.3.1/../../../../arm-none-eabi/lib/thumb/v7e-m+fp/hard/libnosys.a
END GROUP
LOAD /stm32_projects/stm32f401ccu6//rtos/libwwg/libwwg.a
LOAD /stm32_projects/stm32f401ccu6/libopencm3/lib/libopencm3_stm32f4.a
START GROUP
LOAD /opt/gcc-arm-none-eabi-10.3-2021.10/bin/../lib/gcc/arm-none-eabi/10.3.1/thumb/v7e-m+fp/hard/libgcc.a
LOAD /opt/gcc-arm-none-eabi-10.3-2021.10/bin/../lib/gcc/arm-none-eabi/10.3.1/../../../../arm-none-eabi/lib/thumb/v7e-m+fp/hard/libc.a
END GROUP
START GROUP
LOAD /opt/gcc-arm-none-eabi-10.3-2021.10/bin/../lib/gcc/arm-none-eabi/10.3.1/thumb/v7e-m+fp/hard/libgcc.a
LOAD /opt/gcc-arm-none-eabi-10.3-2021.10/bin/../lib/gcc/arm-none-eabi/10.3.1/../../../../arm-none-eabi/lib/thumb/v7e-m+fp/hard/libc.a
LOAD /opt/gcc-arm-none-eabi-10.3-2021.10/bin/../lib/gcc/arm-none-eabi/10.3.1/../../../../arm-none-eabi/lib/thumb/v7e-m+fp/hard/libnosys.a
END GROUP

.text           0x0000000008000000      0x738
 *(.vectors)
 .vectors       0x0000000008000000      0x1ac /stm32_projects/stm32f401ccu6/libopencm3/lib/libopencm3_stm32f4.a(vector.o)
                0x0000000008000000                vector_table
 *(.text*)
 .text.startup.main
                0x00000000080001ac       0xe8 main.o
                0x00000000080001ac                main
 .text.vListInsertEnd
                0x0000000008000294       0x18 rtos/list.o
                0x0000000008000294                vListInsertEnd
 .text.uxListRemove
                0x00000000080002ac       0x1e rtos/list.o
                0x00000000080002ac                uxListRemove
 *fill*         0x00000000080002ca        0x6 
 .text.vPortSVCHandler
                0x00000000080002d0       0x24 rtos/port.o
                0x00000000080002d0                vPortSVCHandler
 *fill*         0x00000000080002f4        0xc 
 .text.xPortPendSVHandler
                0x0000000008000300       0x44 rtos/port.o
                0x0000000008000300                xPortPendSVHandler
 .text.xPortSysTickHandler
                0x0000000008000344       0x2c rtos/port.o
                0x0000000008000344                xPortSysTickHandler
 .text.prvResetNextTaskUnblockTime
                0x0000000008000370       0x24 rtos/tasks.o
 .text.xTaskIncrementTick
                0x0000000008000394      0x118 rtos/tasks.o
                0x0000000008000394                xTaskIncrementTick
 .text.vTaskSwitchContext
                0x00000000080004ac       0x74 rtos/tasks.o
                0x00000000080004ac                vTaskSwitchContext
 .text.sv_call_handler
                0x0000000008000520        0x4 rtos/opencm3.o
                0x0000000008000520                sv_call_handler
 .text.pend_sv_handler
                0x0000000008000524        0x4 rtos/opencm3.o
                0x0000000008000524                pend_sv_handler
 .text.sys_tick_handler
                0x0000000008000528        0x4 rtos/opencm3.o
                0x0000000008000528                sys_tick_handler
 .text.gpio_toggle
                0x000000000800052c       0x12 /stm32_projects/stm32f401ccu6/libopencm3/lib/libopencm3_stm32f4.a(gpio_common_all.o)
                0x000000000800052c                gpio_toggle
 .text.gpio_mode_setup
                0x000000000800053e       0x40 /stm32_projects/stm32f401ccu6/libopencm3/lib/libopencm3_stm32f4.a(gpio_common_f0234.o)
                0x000000000800053e                gpio_mode_setup
 .text.gpio_set_af
                0x000000000800057e       0x58 /stm32_projects/stm32f401ccu6/libopencm3/lib/libopencm3_stm32f4.a(gpio_common_f0234.o)
                0x000000000800057e                gpio_set_af
 .text.rcc_periph_clock_enable
                0x00000000080005d6       0x1c /stm32_projects/stm32f401ccu6/libopencm3/lib/libopencm3_stm32f4.a(rcc_common_all.o)
                0x00000000080005d6                rcc_periph_clock_enable
 *fill*         0x00000000080005f2        0x2 
 .text.usart_set_baudrate
                0x00000000080005f4       0x2c /stm32_projects/stm32f401ccu6/libopencm3/lib/libopencm3_stm32f4.a(usart_common_all.o)
                0x00000000080005f4                usart_set_baudrate
 .text.usart_set_databits
                0x0000000008000620       0x12 /stm32_projects/stm32f401ccu6/libopencm3/lib/libopencm3_stm32f4.a(usart_common_all.o)
                0x0000000008000620                usart_set_databits
 .text.usart_set_stopbits
                0x0000000008000632        0xc /stm32_projects/stm32f401ccu6/libopencm3/lib/libopencm3_stm32f4.a(usart_common_all.o)
                0x0000000008000632                usart_set_stopbits
 .text.usart_set_parity
                0x000000000800063e        0xc /stm32_projects/stm32f401ccu6/libopencm3/lib/libopencm3_stm32f4.a(usart_common_all.o)
                0x000000000800063e                usart_set_parity
 .text.usart_set_mode
                0x000000000800064a        0xc /stm32_projects/stm32f401ccu6/libopencm3/lib/libopencm3_stm32f4.a(usart_common_all.o)
                0x000000000800064a                usart_set_mode
 .text.usart_set_flow_control
                0x0000000008000656        0xc /stm32_projects/stm32f401ccu6/libopencm3/lib/libopencm3_stm32f4.a(usart_common_all.o)
                0x0000000008000656                usart_set_flow_control
 .text.usart_enable
                0x0000000008000662        0xa /stm32_projects/stm32f401ccu6/libopencm3/lib/libopencm3_stm32f4.a(usart_common_all.o)
                0x0000000008000662                usart_enable
 .text.usart_send_blocking
                0x000000000800066c       0x18 /stm32_projects/stm32f401ccu6/libopencm3/lib/libopencm3_stm32f4.a(usart_common_all.o)
                0x000000000800066c                usart_send_blocking
 .text.usart_send
                0x0000000008000684        0x8 /stm32_projects/stm32f401ccu6/libopencm3/lib/libopencm3_stm32f4.a(usart_common_f124.o)
                0x0000000008000684                usart_send
 .text.usart_wait_send_ready
                0x000000000800068c        0x8 /stm32_projects/stm32f401ccu6/libopencm3/lib/libopencm3_stm32f4.a(usart_common_f124.o)
                0x000000000800068c                usart_wait_send_ready
 .text.blocking_handler
                0x0000000008000694        0x2 /stm32_projects/stm32f401ccu6/libopencm3/lib/libopencm3_stm32f4.a(vector.o)
                0x0000000008000694                dma2_stream1_isr
                0x0000000008000694                tim8_brk_tim12_isr
                0x0000000008000694                dma1_stream7_isr
                0x0000000008000694                usart3_isr
                0x0000000008000694                tim7_isr
                0x0000000008000694                dma2d_isr
                0x0000000008000694                uart8_isr
                0x0000000008000694                dma1_stream2_isr
                0x0000000008000694                otg_hs_isr
                0x0000000008000694                blocking_handler
                0x0000000008000694                tim5_isr
                0x0000000008000694                rtc_wkup_isr
                0x0000000008000694                otg_fs_isr
                0x0000000008000694                spi1_isr
                0x0000000008000694                i2c3_er_isr
                0x0000000008000694                exti2_isr
                0x0000000008000694                spi5_isr
                0x0000000008000694                usb_fs_wkup_isr
                0x0000000008000694                tamp_stamp_isr
                0x0000000008000694                can1_rx1_isr
                0x0000000008000694                dma2_stream0_isr
                0x0000000008000694                usart1_isr
                0x0000000008000694                i2c3_ev_isr
                0x0000000008000694                usage_fault_handler
                0x0000000008000694                can2_rx0_isr
                0x0000000008000694                dma1_stream6_isr
                0x0000000008000694                can2_rx1_isr
                0x0000000008000694                can1_sce_isr
                0x0000000008000694                tim1_cc_isr
                0x0000000008000694                can1_tx_isr
                0x0000000008000694                tim1_up_tim10_isr
                0x0000000008000694                sdio_isr
                0x0000000008000694                eth_isr
                0x0000000008000694                spi6_isr
                0x0000000008000694                dma2_stream5_isr
                0x0000000008000694                pvd_isr
                0x0000000008000694                can1_rx0_isr
                0x0000000008000694                rcc_isr
                0x0000000008000694                dma2_stream3_isr
                0x0000000008000694                flash_isr
                0x0000000008000694                uart4_isr
                0x0000000008000694                lcd_tft_isr
                0x0000000008000694                rtc_alarm_isr
                0x0000000008000694                exti15_10_isr
                0x0000000008000694                hash_rng_isr
                0x0000000008000694                tim1_trg_com_tim11_isr
                0x0000000008000694                hard_fault_handler
                0x0000000008000694                exti1_isr
                0x0000000008000694                i2c1_ev_isr
                0x0000000008000694                usart6_isr
                0x0000000008000694                spi2_isr
                0x0000000008000694                cryp_isr
                0x0000000008000694                nvic_wwdg_isr
                0x0000000008000694                dma1_stream1_isr
                0x0000000008000694                dma2_stream4_isr
                0x0000000008000694                exti3_isr
                0x0000000008000694                tim3_isr
                0x0000000008000694                usart2_isr
                0x0000000008000694                sai1_isr
                0x0000000008000694                fpu_isr
                0x0000000008000694                dma1_stream4_isr
                0x0000000008000694                i2c2_er_isr
                0x0000000008000694                i2c2_ev_isr
                0x0000000008000694                uart5_isr
                0x0000000008000694                dma2_stream6_isr
                0x0000000008000694                spi4_isr
                0x0000000008000694                adc_isr
                0x0000000008000694                dma2_stream7_isr
                0x0000000008000694                tim8_up_tim13_isr
                0x0000000008000694                fsmc_isr
                0x0000000008000694                exti4_isr
                0x0000000008000694                tim6_dac_isr
                0x0000000008000694                dma1_stream3_isr
                0x0000000008000694                tim8_trg_com_tim14_isr
                0x0000000008000694                mem_manage_handler
                0x0000000008000694                lcd_tft_err_isr
                0x0000000008000694                can2_tx_isr
                0x0000000008000694                exti9_5_isr
                0x0000000008000694                tim1_brk_tim9_isr
                0x0000000008000694                uart7_isr
                0x0000000008000694                can2_sce_isr
                0x0000000008000694                tim4_isr
                0x0000000008000694                otg_hs_wkup_isr
                0x0000000008000694                i2c1_er_isr
                0x0000000008000694                dma1_stream0_isr
                0x0000000008000694                tim8_cc_isr
                0x0000000008000694                dcmi_isr
                0x0000000008000694                dma2_stream2_isr
                0x0000000008000694                eth_wkup_isr
                0x0000000008000694                bus_fault_handler
                0x0000000008000694                otg_hs_ep1_out_isr
                0x0000000008000694                spi3_isr
                0x0000000008000694                dma1_stream5_isr
                0x0000000008000694                otg_hs_ep1_in_isr
                0x0000000008000694                tim2_isr
                0x0000000008000694                exti0_isr
 .text.null_handler
                0x0000000008000696        0x2 /stm32_projects/stm32f401ccu6/libopencm3/lib/libopencm3_stm32f4.a(vector.o)
                0x0000000008000696                null_handler
                0x0000000008000696                debug_monitor_handler
                0x0000000008000696                nmi_handler
 .text.reset_handler
                0x0000000008000698       0xa0 /stm32_projects/stm32f401ccu6/libopencm3/lib/libopencm3_stm32f4.a(vector.o)
                0x0000000008000698                reset_handler
                0x0000000008000738                . = ALIGN (0x4)
 *(.rodata*)
                0x0000000008000738                . = ALIGN (0x4)

.glue_7         0x0000000008000738        0x0
 .glue_7        0x0000000008000738        0x0 linker stubs

.glue_7t        0x0000000008000738        0x0
 .glue_7t       0x0000000008000738        0x0 linker stubs

.vfp11_veneer   0x0000000008000738        0x0
 .vfp11_veneer  0x0000000008000738        0x0 linker stubs

.v4_bx          0x0000000008000738        0x0
 .v4_bx         0x0000000008000738        0x0 linker stubs

.iplt           0x0000000008000738        0x0
 .iplt          0x0000000008000738        0x0 main.o

.rel.dyn        0x0000000008000738        0x0
 .rel.iplt      0x0000000008000738        0x0 main.o

.preinit_array  0x0000000008000738        0x0
                0x0000000008000738                . = ALIGN (0x4)
                0x0000000008000738                __preinit_array_start = .
 *(.preinit_array)
                0x0000000008000738                __preinit_array_end = .

.init_array     0x0000000008000738        0x0
                0x0000000008000738                . = ALIGN (0x4)
                0x0000000008000738                __init_array_start = .
 *(SORT_BY_NAME(.init_array.*))
 *(.init_array)
                0x0000000008000738                __init_array_end = .

.fini_array     0x0000000008000738        0x0
                0x0000000008000738                . = ALIGN (0x4)
                0x0000000008000738                __fini_array_start = .
 *(.fini_array)
 *(SORT_BY_NAME(.fini_array.*))
                0x0000000008000738                __fini_array_end = .

.ARM.extab
 *(.ARM.extab*)

.ARM.exidx      0x0000000008000738        0x0
                0x0000000008000738                __exidx_start = .
 *(.ARM.exidx*)
                0x0000000008000738                __exidx_end = .
                0x0000000008000738                . = ALIGN (0x4)
                0x0000000008000738                _etext = .

.data           0x0000000020000000        0x8 load address 0x0000000008000738
                0x0000000020000000                _data = .
 *(.data*)
 .data.rcc_apb1_frequency
                0x0000000020000000        0x4 /stm32_projects/stm32f401ccu6/libopencm3/lib/libopencm3_stm32f4.a(rcc.o)
                0x0000000020000000                rcc_apb1_frequency
 .data.rcc_apb2_frequency
                0x0000000020000004        0x4 /stm32_projects/stm32f401ccu6/libopencm3/lib/libopencm3_stm32f4.a(rcc.o)
                0x0000000020000004                rcc_apb2_frequency
                0x0000000020000008                . = ALIGN (0x4)
                0x0000000020000008                _edata = .
                0x0000000008000738                _data_loadaddr = LOADADDR (.data)

.igot.plt       0x0000000020000008        0x0 load address 0x0000000008000740
 .igot.plt      0x0000000020000008        0x0 main.o

.bss            0x0000000020000008       0x8c load address 0x0000000008000740
 *(.bss*)
 .bss.pxCurrentTCB
                0x0000000020000008        0x4 rtos/tasks.o
                0x0000000020000008                pxCurrentTCB
 .bss.pxDelayedTaskList
                0x000000002000000c        0x4 rtos/tasks.o
 .bss.pxOverflowDelayedTaskList
                0x0000000020000010        0x4 rtos/tasks.o
 .bss.pxReadyTasksLists
                0x0000000020000014       0x64 rtos/tasks.o
 .bss.uxPendedTicks
                0x0000000020000078        0x4 rtos/tasks.o
 .bss.uxSchedulerSuspended
                0x000000002000007c        0x4 rtos/tasks.o
 .bss.uxTopReadyPriority
                0x0000000020000080        0x4 rtos/tasks.o
 .bss.xNextTaskUnblockTime
                0x0000000020000084        0x4 rtos/tasks.o
 .bss.xNumOfOverflows
                0x0000000020000088        0x4 rtos/tasks.o
 .bss.xTickCount
                0x000000002000008c        0x4 rtos/tasks.o
 .bss.xYieldPending
                0x0000000020000090        0x4 rtos/tasks.o
 *(COMMON)
                0x0000000020000094                . = ALIGN (0x4)
                0x0000000020000094                _ebss = .

/DISCARD/
 *(.eh_frame)
                0x0000000020000094                . = ALIGN (0x4)
                0x0000000020000094                end = .
                0x0000000020010000                PROVIDE (_stack = (ORIGIN (ram) + LENGTH (ram)))
OUTPUT(main.elf elf32-littlearm)
LOAD linker stubs

.debug_info     0x0000000000000000     0x4f0b
 .debug_info    0x0000000000000000      0x7a9 main.o
 .debug_info    0x00000000000007a9      0x2ce rtos/list.o
 .debug_info    0x0000000000000a77      0x328 rtos/port.o
 .debug_info    0x0000000000000d9f     0x17c9 rtos/tasks.o
 .debug_info    0x0000000000002568       0xf7 rtos/opencm3.o
 .debug_info    0x000000000000265f      0x266 /stm32_projects/stm32f401ccu6/libopencm3/lib/libopencm3_stm32f4.a(gpio_common_all.o)
 .debug_info    0x00000000000028c5      0x233 /stm32_projects/stm32f401ccu6/libopencm3/lib/libopencm3_stm32f4.a(gpio_common_f0234.o)
 .debug_info    0x0000000000002af8      0x974 /stm32_projects/stm32f401ccu6/libopencm3/lib/libopencm3_stm32f4.a(rcc_common_all.o)
 .debug_info    0x000000000000346c      0x5c4 /stm32_projects/stm32f401ccu6/libopencm3/lib/libopencm3_stm32f4.a(usart_common_all.o)
 .debug_info    0x0000000000003a30      0x19e /stm32_projects/stm32f401ccu6/libopencm3/lib/libopencm3_stm32f4.a(usart_common_f124.o)
 .debug_info    0x0000000000003bce      0x2f2 /stm32_projects/stm32f401ccu6/libopencm3/lib/libopencm3_stm32f4.a(vector.o)
 .debug_info    0x0000000000003ec0     0x104b /stm32_projects/stm32f401ccu6/libopencm3/lib/libopencm3_stm32f4.a(rcc.o)

.debug_abbrev   0x0000000000000000     0x1198
 .debug_abbrev  0x0000000000000000      0x103 main.o
 .debug_abbrev  0x0000000000000103       0xff rtos/list.o
 .debug_abbrev  0x0000000000000202      0x223 rtos/port.o
 .debug_abbrev  0x0000000000000425      0x3cd rtos/tasks.o
 .debug_abbrev  0x00000000000007f2       0x67 rtos/opencm3.o
 .debug_abbrev  0x0000000000000859      0x116 /stm32_projects/stm32f401ccu6/libopencm3/lib/libopencm3_stm32f4.a(gpio_common_all.o)
 .debug_abbrev  0x000000000000096f       0xbf /stm32_projects/stm32f401ccu6/libopencm3/lib/libopencm3_stm32f4.a(gpio_common_f0234.o)
 .debug_abbrev  0x0000000000000a2e      0x177 /stm32_projects/stm32f401ccu6/libopencm3/lib/libopencm3_stm32f4.a(rcc_common_all.o)
 .debug_abbrev  0x0000000000000ba5      0x129 /stm32_projects/stm32f401ccu6/libopencm3/lib/libopencm3_stm32f4.a(usart_common_all.o)
 .debug_abbrev  0x0000000000000cce       0xb5 /stm32_projects/stm32f401ccu6/libopencm3/lib/libopencm3_stm32f4.a(usart_common_f124.o)
 .debug_abbrev  0x0000000000000d83      0x15b /stm32_projects/stm32f401ccu6/libopencm3/lib/libopencm3_stm32f4.a(vector.o)
 .debug_abbrev  0x0000000000000ede      0x2ba /stm32_projects/stm32f401ccu6/libopencm3/lib/libopencm3_stm32f4.a(rcc.o)

.debug_loc      0x0000000000000000     0x20a9
 .debug_loc     0x0000000000000000       0xb6 main.o
 .debug_loc     0x00000000000000b6       0xaf rtos/list.o
 .debug_loc     0x0000000000000165       0xbe rtos/port.o
 .debug_loc     0x0000000000000223      0xf50 rtos/tasks.o
 .debug_loc     0x0000000000001173       0xbe /stm32_projects/stm32f401ccu6/libopencm3/lib/libopencm3_stm32f4.a(gpio_common_all.o)
 .debug_loc     0x0000000000001231      0x14f /stm32_projects/stm32f401ccu6/libopencm3/lib/libopencm3_stm32f4.a(gpio_common_f0234.o)
 .debug_loc     0x0000000000001380      0x120 /stm32_projects/stm32f401ccu6/libopencm3/lib/libopencm3_stm32f4.a(rcc_common_all.o)
 .debug_loc     0x00000000000014a0      0x1e1 /stm32_projects/stm32f401ccu6/libopencm3/lib/libopencm3_stm32f4.a(usart_common_all.o)
 .debug_loc     0x0000000000001681       0x99 /stm32_projects/stm32f401ccu6/libopencm3/lib/libopencm3_stm32f4.a(usart_common_f124.o)
 .debug_loc     0x000000000000171a      0x128 /stm32_projects/stm32f401ccu6/libopencm3/lib/libopencm3_stm32f4.a(vector.o)
 .debug_loc     0x0000000000001842      0x867 /stm32_projects/stm32f401ccu6/libopencm3/lib/libopencm3_stm32f4.a(rcc.o)

.debug_aranges  0x0000000000000000      0x530
 .debug_aranges
                0x0000000000000000       0x20 main.o
 .debug_aranges
                0x0000000000000020       0x40 rtos/list.o
 .debug_aranges
                0x0000000000000060       0x70 rtos/port.o
 .debug_aranges
                0x00000000000000d0       0xf8 rtos/tasks.o
 .debug_aranges
                0x00000000000001c8       0x30 rtos/opencm3.o
 .debug_aranges
                0x00000000000001f8       0x50 /stm32_projects/stm32f401ccu6/libopencm3/lib/libopencm3_stm32f4.a(gpio_common_all.o)
 .debug_aranges
                0x0000000000000248       0x30 /stm32_projects/stm32f401ccu6/libopencm3/lib/libopencm3_stm32f4.a(gpio_common_f0234.o)
 .debug_aranges
                0x0000000000000278       0x60 /stm32_projects/stm32f401ccu6/libopencm3/lib/libopencm3_stm32f4.a(rcc_common_all.o)
 .debug_aranges
                0x00000000000002d8       0xd8 /stm32_projects/stm32f401ccu6/libopencm3/lib/libopencm3_stm32f4.a(usart_common_all.o)
 .debug_aranges
                0x00000000000003b0       0x40 /stm32_projects/stm32f401ccu6/libopencm3/lib/libopencm3_stm32f4.a(usart_common_f124.o)
 .debug_aranges
                0x00000000000003f0       0x30 /stm32_projects/stm32f401ccu6/libopencm3/lib/libopencm3_stm32f4.a(vector.o)
 .debug_aranges
                0x0000000000000420      0x110 /stm32_projects/stm32f401ccu6/libopencm3/lib/libopencm3_stm32f4.a(rcc.o)

.debug_ranges   0x0000000000000000      0x5c0
 .debug_ranges  0x0000000000000000       0x40 main.o
 .debug_ranges  0x0000000000000040       0x30 rtos/list.o
 .debug_ranges  0x0000000000000070       0x78 rtos/port.o
 .debug_ranges  0x00000000000000e8      0x1a8 rtos/tasks.o
 .debug_ranges  0x0000000000000290       0x20 rtos/opencm3.o
 .debug_ranges  0x00000000000002b0       0x40 /stm32_projects/stm32f401ccu6/libopencm3/lib/libopencm3_stm32f4.a(gpio_common_all.o)
 .debug_ranges  0x00000000000002f0       0x20 /stm32_projects/stm32f401ccu6/libopencm3/lib/libopencm3_stm32f4.a(gpio_common_f0234.o)
 .debug_ranges  0x0000000000000310       0x50 /stm32_projects/stm32f401ccu6/libopencm3/lib/libopencm3_stm32f4.a(rcc_common_all.o)
 .debug_ranges  0x0000000000000360       0xc8 /stm32_projects/stm32f401ccu6/libopencm3/lib/libopencm3_stm32f4.a(usart_common_all.o)
 .debug_ranges  0x0000000000000428       0x30 /stm32_projects/stm32f401ccu6/libopencm3/lib/libopencm3_stm32f4.a(usart_common_f124.o)
 .debug_ranges  0x0000000000000458       0x20 /stm32_projects/stm32f401ccu6/libopencm3/lib/libopencm3_stm32f4.a(vector.o)
 .debug_ranges  0x0000000000000478      0x148 /stm32_projects/stm32f401ccu6/libopencm3/lib/libopencm3_stm32f4.a(rcc.o)

.debug_line     0x0000000000000000     0x3e47
 .debug_line    0x0000000000000000      0x1c8 main.o
 .debug_line    0x00000000000001c8      0x283 rtos/list.o
 .debug_line    0x000000000000044b      0x318 rtos/port.o
 .debug_line    0x0000000000000763     0x103b rtos/tasks.o
 .debug_line    0x000000000000179e       0x6b rtos/opencm3.o
 .debug_line    0x0000000000001809      0x3dc /stm32_projects/stm32f401ccu6/libopencm3/lib/libopencm3_stm32f4.a(gpio_common_all.o)
 .debug_line    0x0000000000001be5      0x4c4 /stm32_projects/stm32f401ccu6/libopencm3/lib/libopencm3_stm32f4.a(gpio_common_f0234.o)
 .debug_line    0x00000000000020a9      0x43b /stm32_projects/stm32f401ccu6/libopencm3/lib/libopencm3_stm32f4.a(rcc_common_all.o)
 .debug_line    0x00000000000024e4      0x662 /stm32_projects/stm32f401ccu6/libopencm3/lib/libopencm3_stm32f4.a(usart_common_all.o)
 .debug_line    0x0000000000002b46      0x3e1 /stm32_projects/stm32f401ccu6/libopencm3/lib/libopencm3_stm32f4.a(usart_common_f124.o)
 .debug_line    0x0000000000002f27      0x458 /stm32_projects/stm32f401ccu6/libopencm3/lib/libopencm3_stm32f4.a(vector.o)
 .debug_line    0x000000000000337f      0xac8 /stm32_projects/stm32f401ccu6/libopencm3/lib/libopencm3_stm32f4.a(rcc.o)

.debug_str      0x0000000000000000    0x106ba
 .debug_str     0x0000000000000000      0x7b0 main.o
                                        0x839 (size before relaxing)
 .debug_str     0x00000000000007b0      0x14b rtos/list.o
                                        0x2af (size before relaxing)
 .debug_str     0x00000000000008fb      0x183 rtos/port.o
                                        0x309 (size before relaxing)
 .debug_str     0x0000000000000a7e      0x808 rtos/tasks.o
                                        0xb8a (size before relaxing)
 .debug_str     0x0000000000001286       0x40 rtos/opencm3.o
                                        0x1c7 (size before relaxing)
 .debug_str     0x00000000000012c6     0x63e1 /stm32_projects/stm32f401ccu6/libopencm3/lib/libopencm3_stm32f4.a(gpio_common_all.o)
                                       0x657a (size before relaxing)
 .debug_str     0x00000000000076a7       0x79 /stm32_projects/stm32f401ccu6/libopencm3/lib/libopencm3_stm32f4.a(gpio_common_f0234.o)
                                       0x659c (size before relaxing)
 .debug_str     0x0000000000007720     0x41be /stm32_projects/stm32f401ccu6/libopencm3/lib/libopencm3_stm32f4.a(rcc_common_all.o)
                                       0x9939 (size before relaxing)
 .debug_str     0x000000000000b8de     0x147d /stm32_projects/stm32f401ccu6/libopencm3/lib/libopencm3_stm32f4.a(usart_common_all.o)
                                       0xa3d3 (size before relaxing)
 .debug_str     0x000000000000cd5b       0x2d /stm32_projects/stm32f401ccu6/libopencm3/lib/libopencm3_stm32f4.a(usart_common_f124.o)
                                       0xa167 (size before relaxing)
 .debug_str     0x000000000000cd88     0x2d03 /stm32_projects/stm32f401ccu6/libopencm3/lib/libopencm3_stm32f4.a(vector.o)
                                       0x6e2b (size before relaxing)
 .debug_str     0x000000000000fa8b      0xc2f /stm32_projects/stm32f401ccu6/libopencm3/lib/libopencm3_stm32f4.a(rcc.o)
                                       0xa1ae (size before relaxing)

.comment        0x0000000000000000       0x49
 .comment       0x0000000000000000       0x49 main.o
                                         0x4a (size before relaxing)
 .comment       0x0000000000000049       0x4a rtos/list.o
 .comment       0x0000000000000049       0x4a rtos/port.o
 .comment       0x0000000000000049       0x4a rtos/tasks.o
 .comment       0x0000000000000049       0x4a rtos/opencm3.o
 .comment       0x0000000000000049       0x4a /stm32_projects/stm32f401ccu6/libopencm3/lib/libopencm3_stm32f4.a(gpio_common_all.o)
 .comment       0x0000000000000049       0x4a /stm32_projects/stm32f401ccu6/libopencm3/lib/libopencm3_stm32f4.a(gpio_common_f0234.o)
 .comment       0x0000000000000049       0x4a /stm32_projects/stm32f401ccu6/libopencm3/lib/libopencm3_stm32f4.a(rcc_common_all.o)
 .comment       0x0000000000000049       0x4a /stm32_projects/stm32f401ccu6/libopencm3/lib/libopencm3_stm32f4.a(usart_common_all.o)
 .comment       0x0000000000000049       0x4a /stm32_projects/stm32f401ccu6/libopencm3/lib/libopencm3_stm32f4.a(usart_common_f124.o)
 .comment       0x0000000000000049       0x4a /stm32_projects/stm32f401ccu6/libopencm3/lib/libopencm3_stm32f4.a(vector.o)
 .comment       0x0000000000000049       0x4a /stm32_projects/stm32f401ccu6/libopencm3/lib/libopencm3_stm32f4.a(rcc.o)

.ARM.attributes
                0x0000000000000000       0x34
 .ARM.attributes
                0x0000000000000000       0x34 main.o
 .ARM.attributes
                0x0000000000000034       0x34 rtos/list.o
 .ARM.attributes
                0x0000000000000068       0x34 rtos/port.o
 .ARM.attributes
                0x000000000000009c       0x34 rtos/tasks.o
 .ARM.attributes
                0x00000000000000d0       0x34 rtos/opencm3.o
 .ARM.attributes
                0x0000000000000104       0x34 /stm32_projects/stm32f401ccu6/libopencm3/lib/libopencm3_stm32f4.a(gpio_common_all.o)
 .ARM.attributes
                0x0000000000000138       0x34 /stm32_projects/stm32f401ccu6/libopencm3/lib/libopencm3_stm32f4.a(gpio_common_f0234.o)
 .ARM.attributes
                0x000000000000016c       0x34 /stm32_projects/stm32f401ccu6/libopencm3/lib/libopencm3_stm32f4.a(rcc_common_all.o)
 .ARM.attributes
                0x00000000000001a0       0x34 /stm32_projects/stm32f401ccu6/libopencm3/lib/libopencm3_stm32f4.a(usart_common_all.o)
 .ARM.attributes
                0x00000000000001d4       0x34 /stm32_projects/stm32f401ccu6/libopencm3/lib/libopencm3_stm32f4.a(usart_common_f124.o)
 .ARM.attributes
                0x0000000000000208       0x34 /stm32_projects/stm32f401ccu6/libopencm3/lib/libopencm3_stm32f4.a(vector.o)
 .ARM.attributes
                0x000000000000023c       0x34 /stm32_projects/stm32f401ccu6/libopencm3/lib/libopencm3_stm32f4.a(rcc.o)

.debug_frame    0x0000000000000000      0xb28
 .debug_frame   0x0000000000000000       0x34 main.o
 .debug_frame   0x0000000000000034       0x6c rtos/list.o
 .debug_frame   0x00000000000000a0       0xd0 rtos/port.o
 .debug_frame   0x0000000000000170      0x314 rtos/tasks.o
 .debug_frame   0x0000000000000484       0x40 rtos/opencm3.o
 .debug_frame   0x00000000000004c4       0x80 /stm32_projects/stm32f401ccu6/libopencm3/lib/libopencm3_stm32f4.a(gpio_common_all.o)
 .debug_frame   0x0000000000000544       0x70 /stm32_projects/stm32f401ccu6/libopencm3/lib/libopencm3_stm32f4.a(gpio_common_f0234.o)
 .debug_frame   0x00000000000005b4       0xe0 /stm32_projects/stm32f401ccu6/libopencm3/lib/libopencm3_stm32f4.a(rcc_common_all.o)
 .debug_frame   0x0000000000000694      0x1b4 /stm32_projects/stm32f401ccu6/libopencm3/lib/libopencm3_stm32f4.a(usart_common_all.o)
 .debug_frame   0x0000000000000848       0x60 /stm32_projects/stm32f401ccu6/libopencm3/lib/libopencm3_stm32f4.a(usart_common_f124.o)
 .debug_frame   0x00000000000008a8       0x4c /stm32_projects/stm32f401ccu6/libopencm3/lib/libopencm3_stm32f4.a(vector.o)
 .debug_frame   0x00000000000008f4      0x234 /stm32_projects/stm32f401ccu6/libopencm3/lib/libopencm3_stm32f4.a(rcc.o)

.debug_macro    0x0000000000000000     0x37fb
 .debug_macro   0x0000000000000000       0xd1 /stm32_projects/stm32f401ccu6/libopencm3/lib/libopencm3_stm32f4.a(gpio_common_all.o)
 .debug_macro   0x00000000000000d1      0xa6c /stm32_projects/stm32f401ccu6/libopencm3/lib/libopencm3_stm32f4.a(gpio_common_all.o)
 .debug_macro   0x0000000000000b3d       0x1c /stm32_projects/stm32f401ccu6/libopencm3/lib/libopencm3_stm32f4.a(gpio_common_all.o)
 .debug_macro   0x0000000000000b59       0x22 /stm32_projects/stm32f401ccu6/libopencm3/lib/libopencm3_stm32f4.a(gpio_common_all.o)
 .debug_macro   0x0000000000000b7b       0x56 /stm32_projects/stm32f401ccu6/libopencm3/lib/libopencm3_stm32f4.a(gpio_common_all.o)
 .debug_macro   0x0000000000000bd1       0x51 /stm32_projects/stm32f401ccu6/libopencm3/lib/libopencm3_stm32f4.a(gpio_common_all.o)
 .debug_macro   0x0000000000000c22      0x103 /stm32_projects/stm32f401ccu6/libopencm3/lib/libopencm3_stm32f4.a(gpio_common_all.o)
 .debug_macro   0x0000000000000d25       0x6a /stm32_projects/stm32f401ccu6/libopencm3/lib/libopencm3_stm32f4.a(gpio_common_all.o)
 .debug_macro   0x0000000000000d8f      0x1df /stm32_projects/stm32f401ccu6/libopencm3/lib/libopencm3_stm32f4.a(gpio_common_all.o)
 .debug_macro   0x0000000000000f6e       0x22 /stm32_projects/stm32f401ccu6/libopencm3/lib/libopencm3_stm32f4.a(gpio_common_all.o)
 .debug_macro   0x0000000000000f90       0xe8 /stm32_projects/stm32f401ccu6/libopencm3/lib/libopencm3_stm32f4.a(gpio_common_all.o)
 .debug_macro   0x0000000000001078       0x76 /stm32_projects/stm32f401ccu6/libopencm3/lib/libopencm3_stm32f4.a(gpio_common_all.o)
 .debug_macro   0x00000000000010ee      0x280 /stm32_projects/stm32f401ccu6/libopencm3/lib/libopencm3_stm32f4.a(gpio_common_all.o)
 .debug_macro   0x000000000000136e       0x76 /stm32_projects/stm32f401ccu6/libopencm3/lib/libopencm3_stm32f4.a(gpio_common_all.o)
 .debug_macro   0x00000000000013e4      0x37e /stm32_projects/stm32f401ccu6/libopencm3/lib/libopencm3_stm32f4.a(gpio_common_all.o)
 .debug_macro   0x0000000000001762       0xca /stm32_projects/stm32f401ccu6/libopencm3/lib/libopencm3_stm32f4.a(gpio_common_all.o)
 .debug_macro   0x000000000000182c       0xd1 /stm32_projects/stm32f401ccu6/libopencm3/lib/libopencm3_stm32f4.a(gpio_common_f0234.o)
 .debug_macro   0x00000000000018fd       0xf0 /stm32_projects/stm32f401ccu6/libopencm3/lib/libopencm3_stm32f4.a(rcc_common_all.o)
 .debug_macro   0x00000000000019ed       0x8e /stm32_projects/stm32f401ccu6/libopencm3/lib/libopencm3_stm32f4.a(rcc_common_all.o)
 .debug_macro   0x0000000000001a7b       0x46 /stm32_projects/stm32f401ccu6/libopencm3/lib/libopencm3_stm32f4.a(rcc_common_all.o)
 .debug_macro   0x0000000000001ac1      0xcea /stm32_projects/stm32f401ccu6/libopencm3/lib/libopencm3_stm32f4.a(rcc_common_all.o)
 .debug_macro   0x00000000000027ab      0x10b /stm32_projects/stm32f401ccu6/libopencm3/lib/libopencm3_stm32f4.a(usart_common_all.o)
 .debug_macro   0x00000000000028b6       0x94 /stm32_projects/stm32f401ccu6/libopencm3/lib/libopencm3_stm32f4.a(usart_common_all.o)
 .debug_macro   0x000000000000294a      0x29e /stm32_projects/stm32f401ccu6/libopencm3/lib/libopencm3_stm32f4.a(usart_common_all.o)
 .debug_macro   0x0000000000002be8       0xa0 /stm32_projects/stm32f401ccu6/libopencm3/lib/libopencm3_stm32f4.a(usart_common_all.o)
 .debug_macro   0x0000000000002c88      0x10b /stm32_projects/stm32f401ccu6/libopencm3/lib/libopencm3_stm32f4.a(usart_common_f124.o)
 .debug_macro   0x0000000000002d93       0xd3 /stm32_projects/stm32f401ccu6/libopencm3/lib/libopencm3_stm32f4.a(vector.o)
 .debug_macro   0x0000000000002e66      0x452 /stm32_projects/stm32f401ccu6/libopencm3/lib/libopencm3_stm32f4.a(vector.o)
 .debug_macro   0x00000000000032b8       0x6e /stm32_projects/stm32f401ccu6/libopencm3/lib/libopencm3_stm32f4.a(vector.o)
 .debug_macro   0x0000000000003326      0x22c /stm32_projects/stm32f401ccu6/libopencm3/lib/libopencm3_stm32f4.a(vector.o)
 .debug_macro   0x0000000000003552      0x124 /stm32_projects/stm32f401ccu6/libopencm3/lib/libopencm3_stm32f4.a(rcc.o)
 .debug_macro   0x0000000000003676       0x16 /stm32_projects/stm32f401ccu6/libopencm3/lib/libopencm3_stm32f4.a(rcc.o)
 .debug_macro   0x000000000000368c       0x1c /stm32_projects/stm32f401ccu6/libopencm3/lib/libopencm3_stm32f4.a(rcc.o)
 .debug_macro   0x00000000000036a8      0x143 /stm32_projects/stm32f401ccu6/libopencm3/lib/libopencm3_stm32f4.a(rcc.o)
 .debug_macro   0x00000000000037eb       0x10 /stm32_projects/stm32f401ccu6/libopencm3/lib/libopencm3_stm32f4.a(rcc.o)
